{
  "id": "my-id-1",
  "content": "my-main-content",
  "fullyCanonicalizedContent": "my main content",
  "crawlingTimestamp": "01.01.1970",
  "url": "http://example.com"
}