de,webis)/ 20110915232623 http://www.webis.de/ text/html 200 77OUBNP6JJZBM6RUFD6TIIGXWWOECMIB 601
de,webis)/ 20111110154922 http://www.webis.de/ text/html 200 6A7HTXBK7XME2IAROKAHLW7TAE4ACS2K 631
de,webis)/ 20130721031637 http://webis.de/ text/html 200 6A7HTXBK7XME2IAROKAHLW7TAE4ACS2K 629
