com,tnr,blogs)/tnr/blogs/the_plank/archive/2009/01/07/did-bush-snub-the-obama-family.aspx 20111130215150 http://blogs.tnr.com/tnr/blogs/the_plank/archive/2009/01/07/did-bush-snub-the-obama-family.aspx text/html 302 IXNINMU5FLAXAS4OXR5POJHCJWJFYRJL 457
com,tnr,blogs)/tnr/blogs/the_plank/archive/2009/01/07/did-bush-snub-the-obama-family.aspx 20111202185203 http://blogs.tnr.com/tnr/blogs/the_plank/archive/2009/01/07/did-bush-snub-the-obama-family.aspx text/html 302 IXNINMU5FLAXAS4OXR5POJHCJWJFYRJL 457
com,tnr,blogs)/tnr/blogs/the_plank/archive/2009/01/07/did-bush-snub-the-obama-family.aspx 20111204213220 http://blogs.tnr.com/tnr/blogs/the_plank/archive/2009/01/07/did-bush-snub-the-obama-family.aspx text/html 302 IXNINMU5FLAXAS4OXR5POJHCJWJFYRJL 458
