{
  "clueweb09-en0000-00-00279": "http://199.236.81.16/maps.html",
  "clueweb09-en0000-00-00278": "http://199.236.81.16/map.html",
  "clueweb09-en0000-00-00175": "http://130.159.187.223/link/types/maps.htm",
  "clueweb09-en0000-00-00142": "http://10.dmygo.az.pl/l2.html"
}