{
  "clueweb09-en0000-00-00142": "http://www.mcprod.com.br/geometry/_images/yampa-canyon-river-rafting/jugar-directamente-a-los-sims.html"
}