[
  {
    "_1": "clueweb09-enwp00-51-09934",
    "_2": [
      {
        "id": "\u003curn:uuid:ec9284c3-47c3-451e-b415-b8ff5c91a869\u003e",
        "content": "Chukchansi Gold Resort \u0026 Casino - Wikipedia, the free encyclopedia Chukchansi Gold Resort \u0026 Casino From Wikipedia, the free encyclopedia Jump to: navigation, search Chukchansi Gold Resort \u0026 Casino Address 711 Lucky Lane Coarsegold, California 93614 No. of rooms 192 Total gaming space 56,000 sq ft (5,200 m2) Notable restaurants California Market Buffet Vintage Steakhouse Deuces Diner Noodle Bar Asian Bistro Goldfields Cafe The Bakery Firehouse Blues Casino type Land-based Owner Picayune Rancheria of Chukchansi Indians Website http://www.chukchansigold.com/ Chukchansi Gold Resort \u0026 Casino is located just off of State Route 41 in Coarsegold, California, between Fresno and Yosemite National Park. It is owned and operated by the Picayune Rancheria of Chukchansi Indians.[1] The 56,000-square-foot (5,200 m2) casino has 1,800 slot machines, as well as more than 45 table games. The resort had seven restaurants in late 2005 and the hotel had 192 rooms. The resort opened on August 22, 2003, at a cost of $150 million. The resort has bus service from 20 cities. [edit] References ^ \"Chukchansi Gold Resort \u0026 Casino.\" 500 Nations. (retrieved 29 June 2010) [edit] External links Chukchansi Gold Resort \u0026 Casino website Hotel Online Coordinates: 37Â°12â²41â³N 119Â°41â²56â³Wï»¿ / ï»¿37.211254Â°N 119.698903Â°Wï»¿ / 37.211254; -119.698903 This article about a California building or structure is a stub. You can help Wikipedia by expanding it.v Â· d Â· e This article relating to a casino or gaming company is a stub. You can help Wikipedia by expanding it.v Â· d Â· e Retrieved from \"http://en.wikipedia.org/w/index.php?title\u003dChukchansi_Gold_Resort_%26_Casino\u0026oldid\u003d408967681\" Categories: Yokuts Casinos in California Native American casinos Buildings and structures in Madera County, California Visitor attractions in Madera County, California California building and structure stubs Casino stubs Personal tools Log in / create account Namespaces Article Talk Variants Views Read Edit View history Actions Search Navigation Main page Contents Featured content Current events Random article Donate to Wikipedia Interaction Help About Wikipedia Community portal Recent changes Contact Wikipedia Toolbox What links here Related changes Upload file Special pages Permanent link Cite this page Print/export Create a book Download as PDF Printable version This page was last modified on 20 January 2011 at 13:12. Text is available under the Creative Commons Attribution-ShareAlike License; additional terms may apply. See Terms of use for details. Wikipedia® is a registered trademark of the Wikimedia Foundation, Inc., a non-profit organization. Contact us Privacy policy About Wikipedia Disclaimers Mobile view",
        "fullyCanonicalizedContent": "chukchansi gold resort casino wikipedia free encyclopedia chukchansi gold resort casino from wikipedia free encyclopedia jump navig search chukchansi gold resort casino address 711 lucki lane coarsegold california 93614 room 192 total game space 56,000 sq ft 5,200 m2 notabl restaur california market buffet vintag steakhous deuc diner noodl bar asian bistro goldfield cafe bakeri firehous blue casino type land base owner picayun rancheria chukchansi indian websit http www.chukchansigold.com chukchansi gold resort casino locat just off state rout 41 coarsegold california between fresno yosemit nation park own oper picayun rancheria chukchansi indian 1 56,000 squar foot 5,200 m2 casino ha 1,800 slot machin well more than 45 tabl game resort had seven restaur late 2005 hotel had 192 room resort open august 22 2003 cost 150 million resort ha bu servic from 20 citi edit refer chukchansi gold resort casino 500 nation retriev 29 june 2010 edit extern link chukchansi gold resort casino websit hotel onlin coordin 37â 12â 41â n 119â 41â 56â wï ï 37.211254â n 119.698903â wï 37.211254 119.698903 articl about california build structur stub you can help wikipedia expand it.v â d â e articl relat casino game compani stub you can help wikipedia expand it.v â d â e retriev from http en.wikipedia.org w index.php titl chukchansi_gold_resort_ 26_casino oldid 408967681 categori yokut casino california nativ american casino build structur madera counti california visitor attract madera counti california california build structur stub casino stub person tool log creat account namespac articl talk variant view read edit view histori action search navig main page content featur content current event random articl donat wikipedia interact help about wikipedia commun portal recent chang contact wikipedia toolbox what link here relat chang upload file special page perman link cite page print export creat book download pdf printabl version page last modifi 20 januari 2011 13 12 text avail under creativ common attribut sharealik licens addit term mai appli see term us detail wikipedia ® regist trademark wikimedia foundat inc non profit organ contact u privaci polici about wikipedia disclaim mobil view",
        "crawlingTimestamp": "Wed, 11 Jan 2012 01:13:51 GMT",
        "url": "http://web.archive.org/web/20120111011351/http://en.wikipedia.org/wiki/Chukchansi_Gold_Resort_\u0026_Casino"
      }
    ]
  },
  {
    "_1": "clueweb09-enwp00-78-20657",
    "_2": [
      {
        "id": "\u003curn:uuid:2467d50d-4760-41fe-8a24-08901c243e2e\u003e",
        "content": "French Lick Township, Orange County, Indiana - Wikipedia, the free encyclopedia French Lick Township, Orange County, Indiana From Wikipedia, the free encyclopedia Jump to: navigation, search French Lick Township â  Township  â Location in Orange County Coordinates: 38Â°32â²40â³N 86Â°36â²41â³Wï»¿ / ï»¿38.54444Â°N 86.61139Â°Wï»¿ / 38.54444; -86.61139Coordinates: 38Â°32â²40â³N 86Â°36â²41â³Wï»¿ / ï»¿38.54444Â°N 86.61139Â°Wï»¿ / 38.54444; -86.61139 Country  United States State  Indiana County Orange Government  â¢ Type Indiana township Area  â¢ Total 54.05 sq mi (139.99 km2)  â¢ Land 53.98 sq mi (139.82 km2)  â¢ Water 0.07 sq mi (0.17 km2)  0.12% Elevation 482 ft (147 m) Population (2000)  â¢ Total 4,767  â¢ Density 88.3/sq mi (34.1/km2) ZIP codes 47432, 47454, 47469 GNIS feature ID 0453319 French Lick Township is one of ten townships in Orange County, Indiana, USA. As of the 2000 census, its population was 4,767.[1] Contents 1 Geography 1.1 Cities, towns, villages 1.2 Unincorporated towns 1.3 Cemeteries 1.4 Major highways 1.5 Airports and landing strips 2 School districts 3 Political districts 4 References 5 External links [edit] Geography According to the United States Census Bureau, French Lick Township covers an area of 54.05 square miles (140.0 km2); of this, 53.98 square miles (139.8 km2) (99.88 percent) is land and 0.07 square miles (0.18 km2) (0.12 percent) is water. [edit] Cities, towns, villages French Lick West Baden Springs [edit] Unincorporated towns Abydel at 38Â°34â²14â³N 86Â°33â²40â³Wï»¿ / ï»¿38.5706099Â°N 86.5611014Â°Wï»¿ / 38.5706099; -86.5611014 Prospect at 38Â°34â²41â³N 86Â°36â²51â³Wï»¿ / ï»¿38.5781095Â°N 86.6141585Â°Wï»¿ / 38.5781095; -86.6141585 Roland at 38Â°35â²43â³N 86Â°40â²55â³Wï»¿ / ï»¿38.595331Â°N 86.6819383Â°Wï»¿ / 38.595331; -86.6819383 (This list is based on USGS data and may include former settlements.) [edit] Cemeteries The township contains these three cemeteries: Mount Lebanon, Pythian and Sulphur Creek. [edit] Major highways U.S. Route 150 Indiana State Road 56 Indiana State Road 145 [edit] Airports and landing strips French Lick Municipal Airport [edit] School districts Springs Valley Community School Corporation [edit] Political districts Indiana\u0027s 9th congressional district State House District 62 State Senate District 48 [edit] References \"French Lick Township, Orange County, Indiana\". Geographic Names Information System, U.S. Geological Survey. http://geonames.usgs.gov/pls/gnispublic/f?p\u003dgnispq:3:::NO::P3_FID:0453319. Retrieved 2009-10-17.  United States Census Bureau 2008 TIGER/Line Shapefiles IndianaMap ^ United States Census Bureau American FactFinder [edit] External links Indiana Township Association United Township Association of Indiana City-Data.com page for French Lick Township Northwest Township Orangeville Township Lost River Township, Martin County Paoli Township    French Lick Township     Columbia Township, Dubois County Jackson Township Greenfield Township v d e Municipalities and communities of Orange County, Indiana, US County seat: Paoli Towns French Lick Orleans Paoli West Baden Springs Townships French Lick Greenfield Jackson Northeast Northwest Orangeville Orleans Paoli Southeast Stampers Creek Unincorporated communities Abydel Bacon Bonds Bromer Chambersburg Ethel Fargo Greenbrier Hindostan Leipsic Millersburg Newton Stewart Norton Orangeville Pearsontown Pine Valley Prospect Pumpkin Center Rego Roland Scarlet Syria Valeene Woodlawn Grove Youngs Creek Retrieved from \"http://en.wikipedia.org/w/index.php?title\u003dFrench_Lick_Township,_Orange_County,_Indiana\u0026oldid\u003d446869852\" Categories: Townships in Orange County, Indiana Personal tools Log in / create account Namespaces Article Talk Variants Views Read Edit View history Actions Search Navigation Main page Contents Featured content Current events Random article Donate to Wikipedia Interaction Help About Wikipedia Community portal Recent changes Contact Wikipedia Toolbox What links here Related changes Upload file Special pages Permanent link Cite this page Print/export Create a book Download as PDF Printable version Languages EspaÃ±ol This page was last modified on 26 August 2011 at 19:42. Text is available under the Creative Commons Attribution-ShareAlike License; additional terms may apply. See Terms of use for details. Wikipedia® is a registered trademark of the Wikimedia Foundation, Inc., a non-profit organization. Contact us Privacy policy About Wikipedia Disclaimers Mobile view",
        "fullyCanonicalizedContent": "french lick township orang counti indiana wikipedia free encyclopedia french lick township orang counti indiana from wikipedia free encyclopedia jump navig search french lick township â township â locat orang counti coordin 38â 32â 40â n 86â 36â 41â wï ï 38.54444â n 86.61139â wï 38.54444 86.61139coordin 38â 32â 40â n 86â 36â 41â wï ï 38.54444â n 86.61139â wï 38.54444 86.61139 countri unit state state indiana counti orang govern â type indiana township area â total 54.05 sq mi 139.99 km2 â land 53.98 sq mi 139.82 km2 â water 0.07 sq mi 0.17 km2 0.12 elev 482 ft 147 m popul 2000 â total 4,767 â densiti 88.3 sq mi 34.1 km2 zip code 47432 47454 47469 gni featur id 0453319 french lick township on ten township orang counti indiana usa 2000 censu it popul 4,767 1 content 1 geographi 1.1 citi town villag 1.2 unincorpor town 1.3 cemeteri 1.4 major highwai 1.5 airport land strip 2 school district 3 polit district 4 refer 5 extern link edit geographi accord unit state censu bureau french lick township cover area 54.05 squar mile 140.0 km2 53.98 squar mile 139.8 km2 99.88 percent land 0.07 squar mile 0.18 km2 0.12 percent water edit citi town villag french lick west baden spring edit unincorpor town abydel 38â 34â 14â n 86â 33â 40â wï ï 38.5706099â n 86.5611014â wï 38.5706099 86.5611014 prospect 38â 34â 41â n 86â 36â 51â wï ï 38.5781095â n 86.6141585â wï 38.5781095 86.6141585 roland 38â 35â 43â n 86â 40â 55â wï ï 38.595331â n 86.6819383â wï 38.595331 86.6819383 list base usg data mai includ former settlement edit cemeteri township contain three cemeteri mount lebanon pythian sulphur creek edit major highwai u. rout 150 indiana state road 56 indiana state road 145 edit airport land strip french lick municip airport edit school district spring vallei commun school corpor edit polit district indiana\u0027 9th congression district state hous district 62 state senat district 48 edit refer french lick township orang counti indiana geograph name inform system u. geolog survei http geonames.usgs.gov pl gnispubl f p gnispq 3 p3_fid 0453319 retriev 2009 10 17 unit state censu bureau 2008 tiger line shapefil indianamap unit state censu bureau american factfind edit extern link indiana township associ unit township associ indiana citi data.com page french lick township northwest township orangevil township lost river township martin counti paoli township french lick township columbia township duboi counti jackson township greenfield township v d e municip commun orang counti indiana u counti seat paoli town french lick orlean paoli west baden spring township french lick greenfield jackson northeast northwest orangevil orlean paoli southeast stamper creek unincorpor commun abydel bacon bond bromer chambersburg ethel fargo greenbrier hindostan leipsic millersburg newton stewart norton orangevil pearsontown pine vallei prospect pumpkin center rego roland scarlet syria valeen woodlawn grove young creek retriev from http en.wikipedia.org w index.php titl french_lick_township _orange_counti _indiana oldid 446869852 categori township orang counti indiana person tool log creat account namespac articl talk variant view read edit view histori action search navig main page content featur content current event random articl donat wikipedia interact help about wikipedia commun portal recent chang contact wikipedia toolbox what link here relat chang upload file special page perman link cite page print export creat book download pdf printabl version languag espaã ol page last modifi 26 august 2011 19 42 text avail under creativ common attribut sharealik licens addit term mai appli see term us detail wikipedia ® regist trademark wikimedia foundat inc non profit organ contact u privaci polici about wikipedia disclaim mobil view",
        "crawlingTimestamp": "Fri, 20 Jan 2012 14:06:31 GMT",
        "url": "http://web.archive.org/web/20120125060531/http://en.wikipedia.org:80/wiki/French_Lick_Township,_Orange_County,_Indiana"
      }
    ]
  }
]