[
  "{\"featureName\":\"S3\",\"firstId\":\"1\",\"secondId\":\"2\"}",
  "{\"featureName\":\"S3\",\"firstId\":\"1\",\"secondId\":\"2\"}",
  "{\"featureName\":\"S3\",\"firstId\":\"1\",\"secondId\":\"2\"}"
]