[
  "{\"firstId\":\"1\",\"secondId\":\"2\",\"featureNames\":[\"1-3-gramms\",\"1-5-gramms\",\"1-8-gramms\",\"1-gramms\",\"3-5-gramms\",\"3-8-gramms\",\"3-gramms\",\"5-8-gramms\",\"5-gramms\",\"8-gramms\",\"S3\"]}",
  "{\"firstId\":\"1\",\"secondId\":\"3\",\"featureNames\":[\"S3\"]}",
  "{\"firstId\":\"4\",\"secondId\":\"5\",\"featureNames\":[\"1-gramms\",\"S3\"]}"
]