[{"clueweb09<->clueweb09 (k=0)":3}, {"clueweb09<->clueweb12 (k=0)":3}]