[
  "{\"firstId\":\"\u003curn:uuid:022c04e1-6182-4f33-9ad1-d905ef776925\u003e\",\"secondId\":\"\u003curn:uuid:046c4670-e2cd-4c42-a658-7ad2576a769c\u003e\",\"hemmingDistance\":1}",
  "{\"firstId\":\"\u003curn:uuid:022c04e1-6182-4f33-9ad1-d905ef776925\u003e\",\"secondId\":\"\u003curn:uuid:09881804-7de8-451d-844b-e8e63254fb20\u003e\",\"hemmingDistance\":1}",
  "{\"firstId\":\"\u003curn:uuid:022c04e1-6182-4f33-9ad1-d905ef776925\u003e\",\"secondId\":\"\u003curn:uuid:176ebe21-7020-4a23-adfb-34f237dc273c\u003e\",\"hemmingDistance\":2}"
]