{
  "CLUEWEB12::SESSION_2013::52": [
    -1446709498,
    -1161897907,
    -1579517175,
    -1928637105,
    -1463348223,
    -2134239651,
    -1864968066,
    -2138086010,
    -2084470403,
    -1788475622,
    -1176860409,
    -1970764010
  ],
  "CLUEWEB12::SESSION_2013::53": [
    651349107,
    -1446709498,
    -1928637105,
    1494984831,
    -1463348223,
    -1864968066,
    -2138086010,
    1606500011,
    1656211549,
    1860994246,
    1063093552,
    811379762,
    1293968689,
    667518811,
    -1161897907,
    -1579517175,
    1579452753,
    1280866350,
    -2134239651,
    -2084470403,
    -1788475622,
    -1176860409,
    -1970764010,
    55899690
  ],
  "CLUEWEB12::SESSION_2013::54": [
    -1446709498,
    -1161897907,
    -1579517175,
    -1928637105,
    -1463348223,
    -2134239651,
    -1864968066,
    -2138086010,
    -2084470403,
    -1788475622,
    -1176860409,
    -1970764010
  ]
}