{
  "CLUEWEB12::SESSION_2013::52": [
    {
      "id": "id-1",
      "content": "content of id-1",
      "fullyCanonicalizedContent": "a b c d e f g h i j k"
    }
  ],
  "CLUEWEB12::SESSION_2013::53": [
    {
      "id": "id-2",
      "content": "content of id-2",
      "fullyCanonicalizedContent": "a a a a a a a a a a a"
    }
  ]
}