{
  "id": "my-id-2",
  "content": "Help build the largest human-edited directory on the web. All rights reserved.",
  "fullyCanonicalizedContent": "help build largest human edit directori web all right reserv",
  "crawlingTimestamp": "01.01.1970",
  "url": "http://example.com"
}