[
  "{\"srcId\":\"clueweb09-en0008-02-29970\",\"targetId\":\"clueweb09-04\",\"topic\":\"CLUEWEB09::WEB_2009::50\",\"srcURL\":\"https://chatnoir.eu/cache?uuid\u003d9c5f9dfe-fc71-5f12-ac92-82b39be143d4\u0026index\u003dcw09\u0026raw\",\"targetURL\":\"https://chatnoir.eu/cache?uuid\u003da1b0725a-03eb-598c-ad7d-8d3ee82b5dc2\u0026index\u003dcw09\u0026raw\",\"k\":2,\"relevanceLabel\":0}",
  "{\"srcId\":\"clueweb09-en0008-02-29970\",\"targetId\":\"clueweb09-3\",\"topic\":\"CLUEWEB09::WEB_2009::50\",\"srcURL\":\"https://chatnoir.eu/cache?uuid\u003d9c5f9dfe-fc71-5f12-ac92-82b39be143d4\u0026index\u003dcw09\u0026raw\",\"targetURL\":\"https://chatnoir.eu/cache?uuid\u003db4ccc1b6-0814-52e0-baac-33d415a0df60\u0026index\u003dcw09\u0026raw\",\"k\":1,\"relevanceLabel\":0}",
  "{\"srcId\":\"clueweb09-en0008-02-29970\",\"targetId\":\"clueweb12-02\",\"topic\":\"CLUEWEB09::WEB_2009::50\",\"srcURL\":\"https://chatnoir.eu/cache?uuid\u003d9c5f9dfe-fc71-5f12-ac92-82b39be143d4\u0026index\u003dcw09\u0026raw\",\"targetURL\":\"https://chatnoir.eu/cache?uuid\u003dc9b7ee84-59d4-540b-816c-1f1c305fc49f\u0026index\u003dcw12\u0026raw\",\"k\":3,\"relevanceLabel\":0}"
]