[
  "clueweb12-0310wb-12-31094",
  "clueweb12-0504wb-14-32223",
  "clueweb12-1911wb-61-32607",
  "clueweb12-1911wb-63-21940",
  "clueweb12-1912wb-69-16845",
  "clueweb12-1913wb-21-14719",
  "clueweb12-1913wb-21-14723",
  "clueweb12-1913wb-34-21369"
]