[
  "NOT-AVAILABLE",
  "http://www.coursehero.com/prefix/32/documents/14501/",
  "http://www.coursehero.com/prefix/32/documents/19001/",
  "http://www.coursehero.com/prefix/32/documents/19501/",
  "http://www.coursehero.com/prefix/32/documents/22501/",
  "http://www.coursehero.com/prefix/32/documents/3001/",
  "http://www.coursehero.com/prefix/32/documents/6501/",
  "http://www.coursehero.com/prefix/36/documents/1/",
  "http://www.coursehero.com/prefix/36/documents/10501/"
]