[
  "{\"url\":\"NOT-AVAILABLE\",\"isHtml\":false}",
  "{\"url\":\"http://www.greenluvin.com/2008/02/shopping-for-environment-big-green.html\",\"isHtml\":true,\"headerElements\":17,\"contentEncoding\":null,\"bodyLength\":0}",
  "{\"url\":\"http://www.greenluvin.com/2008/02/truth-about-whole-foods-new-100.html\",\"isHtml\":true,\"headerElements\":17,\"contentEncoding\":null,\"bodyLength\":0}",
  "{\"url\":\"http://www.greenluvin.com/\",\"isHtml\":true,\"headerElements\":17,\"contentEncoding\":null,\"bodyLength\":0}",
  "{\"url\":\"http://www.greenluvin.com/2008/03/milk-labeling-i-rather-be-confused.html\",\"isHtml\":true,\"headerElements\":17,\"contentEncoding\":null,\"bodyLength\":0}",
  "{\"url\":\"http://www.jbc.org/cgi/content/full/280/1/695\",\"isHtml\":true,\"headerElements\":15,\"contentEncoding\":null,\"bodyLength\":0}",
  "{\"url\":\"http://www.tripadvisor.com/ShowUserReviews-g34227-d84467-r5224633-Lago_Mar_Resort_and_Club-Fort_Lauderdale_Florida.html\",\"isHtml\":true,\"headerElements\":18,\"contentEncoding\":\"gzip\",\"bodyLength\":0}",
  "{\"url\":\"http://www.tripadvisor.com/ShowUserReviews-g187875-d613695-r5329087-Hotel_Venezia-Brindisi_Puglia.html\",\"isHtml\":true,\"headerElements\":18,\"contentEncoding\":\"gzip\",\"bodyLength\":0}",
  "{\"url\":\"http://www.tripadvisor.com/ShowTopic-g33952-i702-k859796-Foxwoods_and_mohegin_sun-Uncasville_Connecticut.html\",\"isHtml\":true,\"headerElements\":18,\"contentEncoding\":\"gzip\",\"bodyLength\":0}",
  "{\"url\":\"http://community.livejournal.com/ohnotheydidnt/15031656.html\",\"isHtml\":true,\"headerElements\":18,\"contentEncoding\":\"gzip\",\"bodyLength\":0}",
  "{\"url\":\"http://community.livejournal.com/fliptalk/profile\",\"isHtml\":true,\"headerElements\":18,\"contentEncoding\":\"gzip\",\"bodyLength\":0}",
  "{\"url\":\"http://community.livejournal.com/kellyfamily/28727.html\",\"isHtml\":true,\"headerElements\":18,\"contentEncoding\":\"gzip\",\"bodyLength\":0}",
  "{\"url\":\"http://www.worldtravelguide.net/beach_resort/1/beach_resorts/Africa.html\",\"isHtml\":true,\"headerElements\":13,\"contentEncoding\":null,\"bodyLength\":0}",
  "{\"url\":\"http://community.livejournal.com/lgbt_college/profile\",\"isHtml\":true,\"headerElements\":18,\"contentEncoding\":\"gzip\",\"bodyLength\":0}",
  "{\"url\":\"http://community.livejournal.com/bsc_online/profile\",\"isHtml\":true,\"headerElements\":18,\"contentEncoding\":\"gzip\",\"bodyLength\":0}",
  "{\"url\":\"http://community.livejournal.com/rxj_icons/profile\",\"isHtml\":true,\"headerElements\":18,\"contentEncoding\":\"gzip\",\"bodyLength\":0}",
  "{\"url\":\"http://www.club-echangiste.net/Proisy,2624.html?\",\"isHtml\":true,\"headerElements\":14,\"contentEncoding\":\"gzip\",\"bodyLength\":0}",
  "{\"url\":\"http://www.club-echangiste.net/Garravet,32138.html\",\"isHtml\":true,\"headerElements\":14,\"contentEncoding\":\"gzip\",\"bodyLength\":0}",
  "{\"url\":\"http://www.club-echangiste.net/Saulxures,67436.html?\",\"isHtml\":true,\"headerElements\":14,\"contentEncoding\":\"gzip\",\"bodyLength\":0}",
  "{\"url\":\"http://www.club-echangiste.net/Lieu_st_amand,59348.html?\",\"isHtml\":true,\"headerElements\":14,\"contentEncoding\":\"gzip\",\"bodyLength\":0}",
  "{\"url\":\"http://www.club-echangiste.net/Dun_les_places,58106.html?\",\"isHtml\":true,\"headerElements\":14,\"contentEncoding\":\"gzip\",\"bodyLength\":0}",
  "{\"url\":\"http://marrra.deviantart.com/\",\"isHtml\":true,\"headerElements\":16,\"contentEncoding\":\"gzip\",\"bodyLength\":0}",
  "{\"url\":\"http://mandy-la.deviantart.com/\",\"isHtml\":true,\"headerElements\":16,\"contentEncoding\":\"gzip\",\"bodyLength\":0}",
  "{\"url\":\"http://lestar0312.deviantart.com/\",\"isHtml\":true,\"headerElements\":16,\"contentEncoding\":\"gzip\",\"bodyLength\":0}",
  "{\"url\":\"http://www.jagular.blogspot.com/2006/06/cheaters-suck.html\",\"isHtml\":true,\"headerElements\":17,\"contentEncoding\":null,\"bodyLength\":0}",
  "{\"url\":\"http://jagular.blogspot.com/\",\"isHtml\":true,\"headerElements\":17,\"contentEncoding\":null,\"bodyLength\":0}",
  "{\"url\":\"http://www.joaquinortegascripts.blogspot.com/\",\"isHtml\":true,\"headerElements\":17,\"contentEncoding\":null,\"bodyLength\":0}",
  "{\"url\":\"http://www.soft411.com/software/email-marketing-solution.html\",\"isHtml\":true,\"headerElements\":15,\"contentEncoding\":\"gzip\",\"bodyLength\":0}",
  "{\"url\":\"http://www.soft411.com/software/en-keyword-language-tracker.html\",\"isHtml\":true,\"headerElements\":15,\"contentEncoding\":\"gzip\",\"bodyLength\":0}",
  "{\"url\":\"http://www.jimmunol.org/cgi/reprint/169/2/882\",\"isHtml\":true,\"headerElements\":15,\"contentEncoding\":null,\"bodyLength\":0}",
  "{\"url\":\"http://www.soft411.com/software/edit-web-forms.html\",\"isHtml\":true,\"headerElements\":15,\"contentEncoding\":\"gzip\",\"bodyLength\":0}",
  "{\"url\":\"http://www.soft411.com/software/butterfly-screen-saver.html\",\"isHtml\":true,\"headerElements\":15,\"contentEncoding\":\"gzip\",\"bodyLength\":0}",
  "{\"url\":\"http://www.soft411.com/software/palm-explorer.html\",\"isHtml\":true,\"headerElements\":15,\"contentEncoding\":\"gzip\",\"bodyLength\":0}",
  "{\"url\":\"http://www.dewdrop.biz/\",\"isHtml\":true,\"headerElements\":15,\"contentEncoding\":null,\"bodyLength\":14550}",
  "{\"url\":\"http://www.yazminspassionparties.com/\",\"isHtml\":true,\"headerElements\":15,\"contentEncoding\":null,\"bodyLength\":385}",
  "{\"url\":\"http://money.cnn.com/2008/09/08/markets/markets_newyork/index.htm?postversion\u003d2008090816\u0026eref\u003drss_topstories\",\"isHtml\":true,\"headerElements\":17,\"contentEncoding\":\"gzip\",\"bodyLength\":0}",
  "{\"url\":\"http://www.cnn.com/2008/WORLD/americas/12/18/gondola/index.html?eref\u003drss_topstories\",\"isHtml\":true,\"headerElements\":17,\"contentEncoding\":\"gzip\",\"bodyLength\":0}",
  "{\"url\":\"http://botecoliterario.wordpress.com/2008/08/21/perdi-a-conta-das-perolas-e-porcos-que-eu-cruzei-pela-estrada/\",\"isHtml\":true,\"headerElements\":16,\"contentEncoding\":\"gzip\",\"bodyLength\":0}",
  "{\"url\":\"http://obsidianwings.blogs.com/obsidian_wings/2005/10/yo_w_whos_your_.html\",\"isHtml\":true,\"headerElements\":19,\"contentEncoding\":\"gzip\",\"bodyLength\":0}",
  "{\"url\":\"http://kismif.org/2008/05/14/may-june-2008-news-briefs/\",\"isHtml\":true,\"headerElements\":16,\"contentEncoding\":\"gzip\",\"bodyLength\":0}",
  "{\"url\":\"http://botecoliterario.wordpress.com/2007/07/11/cuando-eramos-ninos/\",\"isHtml\":true,\"headerElements\":16,\"contentEncoding\":\"gzip\",\"bodyLength\":0}",
  "{\"url\":\"http://obsidianwings.blogs.com/obsidian_wings/2007/07/q2-fundraising.html\",\"isHtml\":true,\"headerElements\":19,\"contentEncoding\":\"gzip\",\"bodyLength\":0}",
  "{\"url\":\"http://kismif.org/category/activities/crafts/\",\"isHtml\":true,\"headerElements\":16,\"contentEncoding\":\"gzip\",\"bodyLength\":0}",
  "{\"url\":\"http://botecoliterario.wordpress.com/2007/06/27/cadaveres-adiados-que-procriam/\",\"isHtml\":true,\"headerElements\":16,\"contentEncoding\":\"gzip\",\"bodyLength\":0}",
  "{\"url\":\"http://obsidianwings.blogs.com/obsidian_wings/2006/12/dang_i_thought_.html\",\"isHtml\":true,\"headerElements\":19,\"contentEncoding\":\"gzip\",\"bodyLength\":0}",
  "{\"url\":\"http://kismif.org/2008/06/10/june-2008-cubcast-july-%e2%80%9ch2ohhh%e2%80%9d-info/\",\"isHtml\":true,\"headerElements\":16,\"contentEncoding\":\"gzip\",\"bodyLength\":0}",
  "{\"url\":\"http://botecoliterario.wordpress.com/2007/07/04/para-volverse-lentamente-sabio/\",\"isHtml\":true,\"headerElements\":16,\"contentEncoding\":\"gzip\",\"bodyLength\":0}",
  "{\"url\":\"http://obsidianwings.blogs.com/obsidian_wings/2008/08/nato.html\",\"isHtml\":true,\"headerElements\":19,\"contentEncoding\":\"gzip\",\"bodyLength\":0}",
  "{\"url\":\"http://kismif.org/2008/03/10/april-2008-abracadabra-dmiab/\",\"isHtml\":true,\"headerElements\":16,\"contentEncoding\":\"gzip\",\"bodyLength\":0}",
  "{\"url\":\"http://botecoliterario.wordpress.com/2007/07/22/caixa/\",\"isHtml\":true,\"headerElements\":16,\"contentEncoding\":\"gzip\",\"bodyLength\":0}",
  "{\"url\":\"http://obsidianwings.blogs.com/obsidian_wings/2004/06/one_down.html\",\"isHtml\":true,\"headerElements\":19,\"contentEncoding\":\"gzip\",\"bodyLength\":0}",
  "{\"url\":\"http://kismif.org/2008/03/02/april-2008-monthly-theme-abracadabra-patch/\",\"isHtml\":true,\"headerElements\":16,\"contentEncoding\":\"gzip\",\"bodyLength\":0}",
  "{\"url\":\"http://31stmay08.blogspot.com/2008/10/random-thoughts.html\",\"isHtml\":true,\"headerElements\":17,\"contentEncoding\":null,\"bodyLength\":0}",
  "{\"url\":\"http://31stmay08.blogspot.com/2008/10/4th-month-anniversary.html\",\"isHtml\":true,\"headerElements\":17,\"contentEncoding\":null,\"bodyLength\":0}",
  "{\"url\":\"http://31stmay08.blogspot.com/2008/10/sigh.html\",\"isHtml\":true,\"headerElements\":17,\"contentEncoding\":null,\"bodyLength\":0}",
  "{\"url\":\"http://31stmay08.blogspot.com/2008/11/5th-month-anniversary.html\",\"isHtml\":true,\"headerElements\":17,\"contentEncoding\":null,\"bodyLength\":0}",
  "{\"url\":\"http://www.cwanswers.com/8921/google_maps\",\"isHtml\":true,\"headerElements\":21,\"contentEncoding\":\"gzip\",\"bodyLength\":0}",
  "{\"url\":\"http://www.cwanswers.com/8921/internet_dating_services\",\"isHtml\":true,\"headerElements\":21,\"contentEncoding\":\"gzip\",\"bodyLength\":0}",
  "{\"url\":\"http://eclgy.com/?cx\u003dpartner-pub-2573932102663475%3Aqpk51t-d0cm\u0026forid\u003d1\u0026ie\u003dISO-8859-1\u0026cof\u003dFORID%3A9\u0026q\u003dCrannon\",\"isHtml\":true,\"headerElements\":13,\"contentEncoding\":null,\"bodyLength\":0}",
  "{\"url\":\"http://item.taobao.com/auction/item_detail-0db2-754de057c86a85860dbb5b6d284fe9d5.jhtml\",\"isHtml\":true,\"headerElements\":17,\"contentEncoding\":\"gzip\",\"bodyLength\":0}",
  "{\"url\":\"http://www.superpages.com/yellowpages/C-Travel+Industry/S-CO/T-Denver/\",\"isHtml\":true,\"headerElements\":19,\"contentEncoding\":\"gzip\",\"bodyLength\":0}",
  "{\"url\":\"http://www.linkedin.com/in/bryanchristmas\",\"isHtml\":true,\"headerElements\":16,\"contentEncoding\":\"gzip\",\"bodyLength\":0}",
  "{\"url\":\"http://it.toolbox.com/people/hemanathd/posts-connections/member\",\"isHtml\":true,\"headerElements\":17,\"contentEncoding\":\"gzip\",\"bodyLength\":0}",
  "{\"url\":\"http://item.taobao.com/auction/item_detail-null-cb31db8325b3fb8ffc72306f476d1620.jhtml\",\"isHtml\":true,\"headerElements\":17,\"contentEncoding\":\"gzip\",\"bodyLength\":0}",
  "{\"url\":\"http://www.superpages.com/yellowpages/C-Dentists/S-IL/T-Springfield/\",\"isHtml\":true,\"headerElements\":19,\"contentEncoding\":\"gzip\",\"bodyLength\":0}",
  "{\"url\":\"http://www.superpages.com/bp/Tallahassee-FL/Eppes-Decorating-Center-L0007320487.htm\",\"isHtml\":true,\"headerElements\":15,\"contentEncoding\":\"gzip\",\"bodyLength\":0}",
  "{\"url\":\"http://it.toolbox.com/people/saurabh_jain/\",\"isHtml\":true,\"headerElements\":17,\"contentEncoding\":\"gzip\",\"bodyLength\":0}",
  "{\"url\":\"http://www.linkedin.com/in/nakov\",\"isHtml\":true,\"headerElements\":16,\"contentEncoding\":\"gzip\",\"bodyLength\":0}",
  "{\"url\":\"http://item.taobao.com/auction/item_detail-db2-4a7d77a34dd5bc3050a8957f23628fc0.jhtml\",\"isHtml\":true,\"headerElements\":23,\"contentEncoding\":\"gzip\",\"bodyLength\":0}",
  "{\"url\":\"http://www.superpages.com/bp/Hilo-HI/Bay-Clinic-Jason-L-K-Kaopua-DDS-L2078506709.htm\",\"isHtml\":true,\"headerElements\":15,\"contentEncoding\":\"gzip\",\"bodyLength\":0}",
  "{\"url\":\"http://www.linkedin.com/in/ChadLudeman\",\"isHtml\":true,\"headerElements\":16,\"contentEncoding\":\"gzip\",\"bodyLength\":0}",
  "{\"url\":\"http://it.toolbox.com/wiki//index.php/Ssa-crm-wiki-project\",\"isHtml\":true,\"headerElements\":20,\"contentEncoding\":null,\"bodyLength\":0}",
  "{\"url\":\"http://item.taobao.com/auction/item_detail-0db1-9079afcbfdbcd4207e6f3b24f2acb0b0.jhtml\",\"isHtml\":true,\"headerElements\":17,\"contentEncoding\":\"gzip\",\"bodyLength\":0}",
  "{\"url\":\"http://www.linkedin.com/in/daveteaster\",\"isHtml\":true,\"headerElements\":16,\"contentEncoding\":\"gzip\",\"bodyLength\":0}",
  "{\"url\":\"http://www.superpages.com/yellowpages/C-Vacation+Packages/S-ID/T-Priest+River/\",\"isHtml\":true,\"headerElements\":19,\"contentEncoding\":\"gzip\",\"bodyLength\":0}",
  "{\"url\":\"http://it.toolbox.com/blogs/helpdesksamurai/passing-on-the-knowledge-16268\",\"isHtml\":true,\"headerElements\":17,\"contentEncoding\":\"gzip\",\"bodyLength\":0}",
  "{\"url\":\"http://item.taobao.com/auction/item_detail-db2-1a6949ad0adb950ea5d58b32005fe566.jhtml\",\"isHtml\":true,\"headerElements\":23,\"contentEncoding\":\"gzip\",\"bodyLength\":0}",
  "{\"url\":\"http://it.toolbox.com/people/elesar\",\"isHtml\":true,\"headerElements\":17,\"contentEncoding\":\"gzip\",\"bodyLength\":0}",
  "{\"url\":\"http://www.linkedin.com/groupInvitation?gid\u003d67460\u0026sharedKey\u003d023123022DAD\",\"isHtml\":true,\"headerElements\":18,\"contentEncoding\":\"gzip\",\"bodyLength\":0}",
  "{\"url\":\"http://www.superpages.com/yellowpages/C-Credit+Restoration/S-HI/T-Honolulu/\",\"isHtml\":true,\"headerElements\":19,\"contentEncoding\":\"gzip\",\"bodyLength\":0}",
  "{\"url\":\"http://www.100ye.com/news/397813-816798.html\",\"isHtml\":true,\"headerElements\":15,\"contentEncoding\":null,\"bodyLength\":20833}",
  "{\"url\":\"http://de.wordpress.com/tag/heizen/\",\"isHtml\":true,\"headerElements\":15,\"contentEncoding\":\"gzip\",\"bodyLength\":0}",
  "{\"url\":\"http://de.wordpress.com/tag/dennis-doe-tamakloe/\",\"isHtml\":true,\"headerElements\":15,\"contentEncoding\":\"gzip\",\"bodyLength\":0}",
  "{\"url\":\"http://www.100ye.com/msg/3946428.html\",\"isHtml\":true,\"headerElements\":15,\"contentEncoding\":null,\"bodyLength\":30685}",
  "{\"url\":\"http://de.wordpress.com/tag/wahlalter-14/\",\"isHtml\":true,\"headerElements\":15,\"contentEncoding\":\"gzip\",\"bodyLength\":0}",
  "{\"url\":\"http://www.100ye.com/msg/4445978.html\",\"isHtml\":true,\"headerElements\":15,\"contentEncoding\":null,\"bodyLength\":28767}",
  "{\"url\":\"http://www.tribus-animaux.com/site/Dragon69;82.html\",\"isHtml\":true,\"headerElements\":19,\"contentEncoding\":\"gzip\",\"bodyLength\":0}",
  "{\"url\":\"http://de.wordpress.com/tag/spritzig/\",\"isHtml\":true,\"headerElements\":15,\"contentEncoding\":\"gzip\",\"bodyLength\":0}",
  "{\"url\":\"http://www.100ye.com/msg/4544449.html\",\"isHtml\":true,\"headerElements\":15,\"contentEncoding\":null,\"bodyLength\":32045}",
  "{\"url\":\"http://de.wordpress.com/tag/hausbriefkasten/\",\"isHtml\":true,\"headerElements\":15,\"contentEncoding\":\"gzip\",\"bodyLength\":0}",
  "{\"url\":\"http://www.100ye.com/msg/3501944.html\",\"isHtml\":true,\"headerElements\":15,\"contentEncoding\":null,\"bodyLength\":31127}",
  "{\"url\":\"http://www.100ye.com/msg/4020354.html\",\"isHtml\":true,\"headerElements\":15,\"contentEncoding\":null,\"bodyLength\":6821}",
  "{\"url\":\"http://www.usatoday.com/life/television/news/2007-01-19-oreilly-colbert_x.htm\",\"isHtml\":true,\"headerElements\":16,\"contentEncoding\":\"gzip\",\"bodyLength\":0}",
  "{\"url\":\"http://finance.yahoo.com/news/SLI-Systems-Introduces-New-iw-13630631.html?x\u003d1\",\"isHtml\":true,\"headerElements\":15,\"contentEncoding\":\"gzip\",\"bodyLength\":0}",
  "{\"url\":\"http://www.acclaimimages.com/_gallery/_pages/0027-0601-1808-0010.html\",\"isHtml\":true,\"headerElements\":13,\"contentEncoding\":null,\"bodyLength\":0}",
  "{\"url\":\"http://finance.yahoo.com/q/sa?s\u003dfss\",\"isHtml\":true,\"headerElements\":17,\"contentEncoding\":\"gzip\",\"bodyLength\":0}",
  "{\"url\":\"http://www.archive.org/details/dbt2007-07-06.mod461.flac16\",\"isHtml\":true,\"headerElements\":16,\"contentEncoding\":\"gzip\",\"bodyLength\":0}",
  "{\"url\":\"http://www.acclaimimages.com/_gallery/_print_pages/0018-0409-0307-5108.html\",\"isHtml\":true,\"headerElements\":13,\"contentEncoding\":null,\"bodyLength\":0}",
  "{\"url\":\"http://www.archive.org/details/womanprison00woodrich\",\"isHtml\":true,\"headerElements\":16,\"contentEncoding\":\"gzip\",\"bodyLength\":0}",
  "{\"url\":\"http://www.usatoday.com/money/autos/2006-05-09-hybrid-shortage-usat_x.htm\",\"isHtml\":true,\"headerElements\":16,\"contentEncoding\":\"gzip\",\"bodyLength\":0}",
  "{\"url\":\"http://www.acclaimimages.com/_gallery/_pages/0331-0606-0609-4429.html\",\"isHtml\":true,\"headerElements\":13,\"contentEncoding\":null,\"bodyLength\":0}",
  "{\"url\":\"http://www.archive.org/details/RE3_11201969\",\"isHtml\":true,\"headerElements\":16,\"contentEncoding\":\"gzip\",\"bodyLength\":0}",
  "{\"url\":\"http://biz.yahoo.com/pz/080819/148839.html\",\"isHtml\":true,\"headerElements\":15,\"contentEncoding\":\"gzip\",\"bodyLength\":0}",
  "{\"url\":\"http://www.usatoday.com/tech/news/computersecurity/2003-10-28-security-hot_x.htm\",\"isHtml\":true,\"headerElements\":16,\"contentEncoding\":\"gzip\",\"bodyLength\":0}",
  "{\"url\":\"http://www.acclaimimages.com/search_terms/outdoor_cafe.html\",\"isHtml\":true,\"headerElements\":13,\"contentEncoding\":null,\"bodyLength\":0}",
  "{\"url\":\"http://www.archive.org/details/historyofjohnson00iowa\",\"isHtml\":true,\"headerElements\":16,\"contentEncoding\":\"gzip\",\"bodyLength\":0}",
  "{\"url\":\"http://biz.yahoo.com/ic/48/48009.html\",\"isHtml\":true,\"headerElements\":15,\"contentEncoding\":\"gzip\",\"bodyLength\":0}",
  "{\"url\":\"http://www.usatoday.com/news/world/2005-09-02-russia-explosion_x.htm\",\"isHtml\":true,\"headerElements\":16,\"contentEncoding\":\"gzip\",\"bodyLength\":0}",
  "{\"url\":\"http://www.acclaimimages.com/_gallery/_pages/0356-0610-3021-0242.html\",\"isHtml\":true,\"headerElements\":13,\"contentEncoding\":null,\"bodyLength\":0}",
  "{\"url\":\"http://www.archive.org/details/AP_Calculus_BC_Lesson_01\",\"isHtml\":true,\"headerElements\":16,\"contentEncoding\":\"gzip\",\"bodyLength\":0}",
  "{\"url\":\"http://www.filefactory.com/file/c1cff4/\",\"isHtml\":true,\"headerElements\":15,\"contentEncoding\":\"gzip\",\"bodyLength\":0}",
  "{\"url\":\"http://www.britannica.com/EBchecked/topic/255921/Marvin-Harris\",\"isHtml\":true,\"headerElements\":19,\"contentEncoding\":\"gzip\",\"bodyLength\":0}",
  "{\"url\":\"http://www.britannica.com/EBchecked/topic/18404/Amambai-Mountains\",\"isHtml\":true,\"headerElements\":19,\"contentEncoding\":\"gzip\",\"bodyLength\":0}",
  "{\"url\":\"http://www.filefactory.com/file/54753e/n/S_08x14_part1_rar\",\"isHtml\":true,\"headerElements\":15,\"contentEncoding\":\"gzip\",\"bodyLength\":0}",
  "{\"url\":\"http://www.britannica.com/EBchecked/topic/408661/Neo-Impressionism\",\"isHtml\":true,\"headerElements\":19,\"contentEncoding\":\"gzip\",\"bodyLength\":0}",
  "{\"url\":\"http://www.filefactory.com/file/d30f9d/n/Fear_Itself_S01E06_HDTV_XviD-2HD_part2_rar\",\"isHtml\":true,\"headerElements\":15,\"contentEncoding\":\"gzip\",\"bodyLength\":0}",
  "{\"url\":\"http://www.filefactory.com/file/87943e/\",\"isHtml\":true,\"headerElements\":15,\"contentEncoding\":\"gzip\",\"bodyLength\":0}",
  "{\"url\":\"http://www.filefactory.com/file/e1577b/n/Six_Days_Seven_Nights_HDTV_part14_rar\",\"isHtml\":true,\"headerElements\":15,\"contentEncoding\":\"gzip\",\"bodyLength\":0}",
  "{\"url\":\"http://69ksjh.diytrade.com/\",\"isHtml\":true,\"headerElements\":15,\"contentEncoding\":\"gzip\",\"bodyLength\":0}",
  "{\"url\":\"http://69ksjh.diytrade.com/sdp/340368/3/cf.html\",\"isHtml\":true,\"headerElements\":15,\"contentEncoding\":\"gzip\",\"bodyLength\":0}",
  "{\"url\":\"http://69ksjh.diytrade.com/sdp/340368/3/pd/1930992.html\",\"isHtml\":true,\"headerElements\":15,\"contentEncoding\":\"gzip\",\"bodyLength\":0}",
  "{\"url\":\"http://69ksjh.diytrade.com/sdp/340368/3/pd/1466454.html\",\"isHtml\":true,\"headerElements\":15,\"contentEncoding\":\"gzip\",\"bodyLength\":0}",
  "{\"url\":\"http://local.yahoo.com/MA/Great+Barrington/Retail+Shopping/Antiques+Collectibles/Antiques+Collectibles\",\"isHtml\":true,\"headerElements\":15,\"contentEncoding\":\"gzip\",\"bodyLength\":0}",
  "{\"url\":\"http://www.qssa.net/isp/cities/AR/Lake_Village/Multilink/Multilink_Point_To_Point.htm\",\"isHtml\":true,\"headerElements\":13,\"contentEncoding\":null,\"bodyLength\":0}",
  "{\"url\":\"http://local.yahoo.com/info-15441755-pig-iron-bbq-columbus\",\"isHtml\":true,\"headerElements\":14,\"contentEncoding\":\"gzip\",\"bodyLength\":0}",
  "{\"url\":\"http://www.qssa.net/isp/cities/GA/McDonough/Multilink/Multilink_Switch.htm\",\"isHtml\":true,\"headerElements\":13,\"contentEncoding\":null,\"bodyLength\":0}",
  "{\"url\":\"http://local.yahoo.com/info-14277476-delicias-de-espana-miami\",\"isHtml\":true,\"headerElements\":14,\"contentEncoding\":\"gzip\",\"bodyLength\":0}",
  "{\"url\":\"http://www.qssa.net/isp/cities/IN/Danville/Multilink/Multilink_Cable.htm\",\"isHtml\":true,\"headerElements\":13,\"contentEncoding\":null,\"bodyLength\":0}",
  "{\"url\":\"http://local.yahoo.com/info-14655911-pizza-city-kissimmee\",\"isHtml\":true,\"headerElements\":14,\"contentEncoding\":\"gzip\",\"bodyLength\":0}",
  "{\"url\":\"http://www.qssa.net/isp/cities/UT/Nephi/Multilink/Multilink_Trunking.htm\",\"isHtml\":true,\"headerElements\":13,\"contentEncoding\":null,\"bodyLength\":0}",
  "{\"url\":\"http://local.yahoo.com/info-17946139-so-long-saloon-manhattan\",\"isHtml\":true,\"headerElements\":14,\"contentEncoding\":\"gzip\",\"bodyLength\":0}",
  "{\"url\":\"http://www.qssa.net/isp/cities/NH/Milan/Multilink/Multilink_Technologies.htm\",\"isHtml\":true,\"headerElements\":13,\"contentEncoding\":null,\"bodyLength\":0}",
  "{\"url\":\"http://en.wikipedia.org/wiki/Business_journalism\",\"isHtml\":true,\"headerElements\":22,\"contentEncoding\":\"gzip\",\"bodyLength\":0}",
  "{\"url\":\"http://en.wikipedia.org/wiki/Smith_machine\",\"isHtml\":true,\"headerElements\":22,\"contentEncoding\":\"gzip\",\"bodyLength\":0}",
  "{\"url\":\"http://en.wikipedia.org./wiki/Edge\",\"isHtml\":true,\"headerElements\":22,\"contentEncoding\":\"gzip\",\"bodyLength\":0}",
  "{\"url\":\"http://en.wikipedia.org/wiki/Boiling_Springs\",\"isHtml\":true,\"headerElements\":22,\"contentEncoding\":\"gzip\",\"bodyLength\":0}",
  "{\"url\":\"http://en.wikipedia.org/wiki/Capitalist\",\"isHtml\":true,\"headerElements\":22,\"contentEncoding\":\"gzip\",\"bodyLength\":0}",
  "{\"url\":\"http://www.greenluvin.com/2008/02/what-do-we-eat-now.html\",\"isHtml\":true,\"headerElements\":17,\"contentEncoding\":null,\"bodyLength\":0}",
  "{\"url\":\"http://www.greenluvin.com/2008/02/few-years-ago-i-read-book-by-seattle.html\",\"isHtml\":true,\"headerElements\":17,\"contentEncoding\":null,\"bodyLength\":0}",
  "{\"url\":\"http://www.greenluvin.com/2008/02/organic-produce-delivered-to-your-door.html\",\"isHtml\":true,\"headerElements\":17,\"contentEncoding\":null,\"bodyLength\":0}",
  "{\"url\":\"http://www.greenluvin.com/2008/02/who-owns-organic-food-companies.html\",\"isHtml\":true,\"headerElements\":17,\"contentEncoding\":null,\"bodyLength\":0}",
  "{\"url\":\"http://www.jbc.org/cgi/reprint/277/38/34987\",\"isHtml\":true,\"headerElements\":15,\"contentEncoding\":null,\"bodyLength\":0}",
  "{\"url\":\"http://www.jbc.org/cgi/reprint/279/7/6171\",\"isHtml\":true,\"headerElements\":15,\"contentEncoding\":null,\"bodyLength\":0}",
  "{\"url\":\"http://www.tripadvisor.com/Tourism-g190511-Stavanger_Rogaland_Western_Fjords-Vacations.html\",\"isHtml\":true,\"headerElements\":18,\"contentEncoding\":\"gzip\",\"bodyLength\":0}",
  "{\"url\":\"http://www.tripadvisor.com/ShowUserReviews-g60713-d80797-r6843085-Hotel_Palomar_San_Francisco_a_Kimpton_Hotel-San_Francisco_California.html\",\"isHtml\":true,\"headerElements\":18,\"contentEncoding\":\"gzip\",\"bodyLength\":0}",
  "{\"url\":\"http://www.tripadvisor.com/Hotel_Review-g49463-d217632-Reviews-Homestead_Studio_Suites_North_Raleigh-Raleigh_North_Carolina.html\",\"isHtml\":true,\"headerElements\":18,\"contentEncoding\":\"gzip\",\"bodyLength\":0}",
  "{\"url\":\"http://community.livejournal.com/zeskimo/\",\"isHtml\":true,\"headerElements\":16,\"contentEncoding\":\"gzip\",\"bodyLength\":0}",
  "{\"url\":\"http://community.livejournal.com/ljnh/profile\",\"isHtml\":true,\"headerElements\":18,\"contentEncoding\":\"gzip\",\"bodyLength\":0}",
  "{\"url\":\"http://www.worldtravelguide.net/city/86/cost_of_living/Indian-Subcontinent/Mumbai-Bombay.html\",\"isHtml\":true,\"headerElements\":13,\"contentEncoding\":null,\"bodyLength\":0}",
  "{\"url\":\"http://community.livejournal.com/elvesofiax/\",\"isHtml\":true,\"headerElements\":16,\"contentEncoding\":\"gzip\",\"bodyLength\":0}",
  "{\"url\":\"http://community.livejournal.com/icondork/profile\",\"isHtml\":true,\"headerElements\":18,\"contentEncoding\":\"gzip\",\"bodyLength\":0}",
  "{\"url\":\"http://www.club-echangiste.net/Decines_charpieu,69275.html\",\"isHtml\":true,\"headerElements\":14,\"contentEncoding\":\"gzip\",\"bodyLength\":0}",
  "{\"url\":\"http://www.club-echangiste.net/Gomont,8195.html?\",\"isHtml\":true,\"headerElements\":14,\"contentEncoding\":\"gzip\",\"bodyLength\":0}",
  "{\"url\":\"http://www.club-echangiste.net/Champoux,25117.html?\",\"isHtml\":true,\"headerElements\":14,\"contentEncoding\":\"gzip\",\"bodyLength\":0}",
  "{\"url\":\"http://www.club-echangiste.net/Cize,39153.html?\",\"isHtml\":true,\"headerElements\":14,\"contentEncoding\":\"gzip\",\"bodyLength\":0}",
  "{\"url\":\"http://www.club-echangiste.net/St_lupien,10348.html\",\"isHtml\":true,\"headerElements\":14,\"contentEncoding\":\"gzip\",\"bodyLength\":0}",
  "{\"url\":\"http://ladyknightskye.deviantart.com/art/MMOC-PART-TRES-90160638\",\"isHtml\":true,\"headerElements\":16,\"contentEncoding\":\"gzip\",\"bodyLength\":0}",
  "{\"url\":\"http://ladyknightskye.deviantart.com/\",\"isHtml\":true,\"headerElements\":16,\"contentEncoding\":\"gzip\",\"bodyLength\":0}",
  "{\"url\":\"http://phoenix-tm.deviantart.com/\",\"isHtml\":true,\"headerElements\":16,\"contentEncoding\":\"gzip\",\"bodyLength\":0}",
  "{\"url\":\"http://joaquinortegascripts.blogspot.com/2008/11/en-petare-es-la-cosa-crnicas-de-las.html\",\"isHtml\":true,\"headerElements\":17,\"contentEncoding\":null,\"bodyLength\":0}",
  "{\"url\":\"http://meriahuoll.blogspot.com/2008/12/diner-akak-yang-agak-sedehhhh-bukan.html\",\"isHtml\":true,\"headerElements\":17,\"contentEncoding\":null,\"bodyLength\":0}",
  "{\"url\":\"http://www.soft411.com/software/dive-computers.html\",\"isHtml\":true,\"headerElements\":15,\"contentEncoding\":\"gzip\",\"bodyLength\":0}",
  "{\"url\":\"http://www.jimmunol.org/cgi/content/abstract/164/4/2064\",\"isHtml\":true,\"headerElements\":15,\"contentEncoding\":null,\"bodyLength\":0}",
  "{\"url\":\"http://www.soft411.com/software/ssh-2.html\",\"isHtml\":true,\"headerElements\":15,\"contentEncoding\":\"gzip\",\"bodyLength\":0}",
  "{\"url\":\"http://www.soft411.com/company/Alagus-Software-Company/Alagus-Print-Admin-Pro.htm\",\"isHtml\":true,\"headerElements\":15,\"contentEncoding\":\"gzip\",\"bodyLength\":0}",
  "{\"url\":\"http://www.soft411.com/software/microasm-free-assembler-ide.html\",\"isHtml\":true,\"headerElements\":15,\"contentEncoding\":\"gzip\",\"bodyLength\":0}",
  "{\"url\":\"http://www.jimmunol.org/cgi/reprint/179/4/2616\",\"isHtml\":true,\"headerElements\":15,\"contentEncoding\":null,\"bodyLength\":0}",
  "{\"url\":\"http://www.soft411.com/software/yahoo-chat-bootter.html\",\"isHtml\":true,\"headerElements\":15,\"contentEncoding\":\"gzip\",\"bodyLength\":0}",
  "{\"url\":\"http://www.joshgarlowblog.com/\",\"isHtml\":true,\"headerElements\":15,\"contentEncoding\":null,\"bodyLength\":399}",
  "{\"url\":\"http://www.blueunderground.com/\",\"isHtml\":true,\"headerElements\":12,\"contentEncoding\":null,\"bodyLength\":0}",
  "{\"url\":\"http://www.fysche.net/\",\"isHtml\":true,\"headerElements\":15,\"contentEncoding\":null,\"bodyLength\":20091}",
  "{\"url\":\"http://www.cnn.com/2008/WORLD/asiapcf/07/25/afghanistan.deaths/index.html?eref\u003drss_world\",\"isHtml\":true,\"headerElements\":17,\"contentEncoding\":\"gzip\",\"bodyLength\":0}",
  "{\"url\":\"http://money.cnn.com/2008/11/24/news/banks_medicine.fortune/index.htm\",\"isHtml\":true,\"headerElements\":17,\"contentEncoding\":\"gzip\",\"bodyLength\":0}",
  "{\"url\":\"http://botecoliterario.wordpress.com/2007/07/07/de-tolo-orgulho-isentose-dar-amor-em-todos-os-momentos/\",\"isHtml\":true,\"headerElements\":16,\"contentEncoding\":\"gzip\",\"bodyLength\":0}",
  "{\"url\":\"http://obsidianwings.blogs.com/obsidian_wings/2005/08/fundamentalists.html\",\"isHtml\":true,\"headerElements\":19,\"contentEncoding\":\"gzip\",\"bodyLength\":0}",
  "{\"url\":\"http://kismif.org/2008/04/14/50-ways-article/\",\"isHtml\":true,\"headerElements\":16,\"contentEncoding\":\"gzip\",\"bodyLength\":0}",
  "{\"url\":\"http://botecoliterario.wordpress.com/2007/07/28/brotos-desabrocham-em-silencio-e-caem-em-silencio/\",\"isHtml\":true,\"headerElements\":16,\"contentEncoding\":\"gzip\",\"bodyLength\":0}",
  "{\"url\":\"http://www.brutallyhonest.org/brutally_honest/2009/01/what.html\",\"isHtml\":true,\"headerElements\":19,\"contentEncoding\":\"gzip\",\"bodyLength\":0}",
  "{\"url\":\"http://botecoliterario.wordpress.com/2007/09/30/na-vida-vai-comigo-agora/\",\"isHtml\":true,\"headerElements\":16,\"contentEncoding\":\"gzip\",\"bodyLength\":0}",
  "{\"url\":\"http://www.brutallyhonest.org/brutally_honest/2008/03/greatly-reduced.html\",\"isHtml\":true,\"headerElements\":19,\"contentEncoding\":\"gzip\",\"bodyLength\":0}",
  "{\"url\":\"http://kathyescobar.com/2008/02/26/a-time-for-burning/\",\"isHtml\":true,\"headerElements\":16,\"contentEncoding\":\"gzip\",\"bodyLength\":0}",
  "{\"url\":\"http://botecoliterario.wordpress.com/2007/07/09/que-sou-quase-infinita/\",\"isHtml\":true,\"headerElements\":16,\"contentEncoding\":\"gzip\",\"bodyLength\":0}",
  "{\"url\":\"http://www.brutallyhonest.org/brutally_honest/plainly_political/index.html\",\"isHtml\":true,\"headerElements\":19,\"contentEncoding\":\"gzip\",\"bodyLength\":0}",
  "{\"url\":\"http://kathyescobar.com/2008/02/18/the-new-conspirators/\",\"isHtml\":true,\"headerElements\":16,\"contentEncoding\":\"gzip\",\"bodyLength\":0}",
  "{\"url\":\"http://botecoliterario.wordpress.com/2007/08/30/desafronta-o-adulto-que-has-de-ser/\",\"isHtml\":true,\"headerElements\":16,\"contentEncoding\":\"gzip\",\"bodyLength\":0}",
  "{\"url\":\"http://www.brutallyhonest.org/brutally_honest/2008/05/zglobal-warming.html\",\"isHtml\":true,\"headerElements\":19,\"contentEncoding\":\"gzip\",\"bodyLength\":0}",
  "{\"url\":\"http://kathyescobar.com/2008/03/10/faith-politics-my-journey/\",\"isHtml\":true,\"headerElements\":16,\"contentEncoding\":\"gzip\",\"bodyLength\":0}",
  "{\"url\":\"http://andersfunderinger.blogspot.com/\",\"isHtml\":true,\"headerElements\":17,\"contentEncoding\":null,\"bodyLength\":0}",
  "{\"url\":\"http://www.cwanswers.com/8921/home_depot\",\"isHtml\":true,\"headerElements\":21,\"contentEncoding\":\"gzip\",\"bodyLength\":0}",
  "{\"url\":\"http://oijarojoihr957217.seesaa.net/article/59317435.html\",\"isHtml\":true,\"headerElements\":14,\"contentEncoding\":null,\"bodyLength\":16826}",
  "{\"url\":\"http://www.linkedin.com/pub/zhong-chen/7/422/112\",\"isHtml\":true,\"headerElements\":16,\"contentEncoding\":\"gzip\",\"bodyLength\":0}",
  "{\"url\":\"http://it.toolbox.com/people/muthukumartest/\",\"isHtml\":true,\"headerElements\":17,\"contentEncoding\":\"gzip\",\"bodyLength\":0}",
  "{\"url\":\"http://item.taobao.com/auction/item_detail-db1-31108abb81a92c5792d4dd0da5ae9e9a.jhtml\",\"isHtml\":true,\"headerElements\":23,\"contentEncoding\":\"gzip\",\"bodyLength\":0}",
  "{\"url\":\"http://www.superpages.com/yellowpages/C-Loans/S-CO/T-Boulder/\",\"isHtml\":true,\"headerElements\":19,\"contentEncoding\":\"gzip\",\"bodyLength\":0}",
  "{\"url\":\"http://www.linkedin.com/pub/dir/mark/troy\",\"isHtml\":true,\"headerElements\":15,\"contentEncoding\":\"gzip\",\"bodyLength\":0}",
  "{\"url\":\"http://it.toolbox.com/blogs/narikannan/measuring-the-wrong-things-in-it-projects-26439\",\"isHtml\":true,\"headerElements\":17,\"contentEncoding\":\"gzip\",\"bodyLength\":0}",
  "{\"url\":\"http://item.taobao.com/auction/item_detail-0db1-bf55364a21d8338e1bf82ab08ef2309c.jhtml\",\"isHtml\":true,\"headerElements\":17,\"contentEncoding\":\"gzip\",\"bodyLength\":0}",
  "{\"url\":\"http://www.superpages.com/yellowpages/C-Carpet+%26+Rug+Contractors/S-CA/T-Novato/\",\"isHtml\":true,\"headerElements\":19,\"contentEncoding\":\"gzip\",\"bodyLength\":0}",
  "{\"url\":\"http://it.toolbox.com/people/rahulpradhan/connections/vendors/\",\"isHtml\":true,\"headerElements\":17,\"contentEncoding\":\"gzip\",\"bodyLength\":0}",
  "{\"url\":\"http://www.linkedin.com/in/naveedlalani;-february-14,-2008--a0002747-p0.php\",\"isHtml\":true,\"headerElements\":15,\"contentEncoding\":\"gzip\",\"bodyLength\":0}",
  "{\"url\":\"http://www.superpages.com/yellowpages/C-Travel+Agents/S-IN/T-Lafayette/\",\"isHtml\":true,\"headerElements\":19,\"contentEncoding\":\"gzip\",\"bodyLength\":0}",
  "{\"url\":\"http://item.taobao.com/auction/item_detail-db1-9921615702c10c3bfdddef5e3959fb31.jhtml\",\"isHtml\":true,\"headerElements\":17,\"contentEncoding\":\"gzip\",\"bodyLength\":0}",
  "{\"url\":\"http://it.toolbox.com/people/info_on_certifications/\",\"isHtml\":true,\"headerElements\":17,\"contentEncoding\":\"gzip\",\"bodyLength\":0}",
  "{\"url\":\"http://www.linkedin.com/in/AngieRidley\",\"isHtml\":true,\"headerElements\":16,\"contentEncoding\":\"gzip\",\"bodyLength\":0}",
  "{\"url\":\"http://www.superpages.com/yellowpages/C-Dental+Clinics/S-GA/T-Atlanta/\",\"isHtml\":true,\"headerElements\":19,\"contentEncoding\":\"gzip\",\"bodyLength\":0}",
  "{\"url\":\"http://item.taobao.com/auction/item_detail-db2-0377758c8b149fef63b3e6dfcccbfb9a.jhtml\",\"isHtml\":true,\"headerElements\":23,\"contentEncoding\":\"gzip\",\"bodyLength\":0}",
  "{\"url\":\"http://www.linkedin.com/in/AnibalRamos\",\"isHtml\":true,\"headerElements\":15,\"contentEncoding\":\"gzip\",\"bodyLength\":0}"
]