[
  "{\"entries\":[{\"id\":\"1\",\"hashParts\":[16842752,257,65537,66048]},{\"id\":\"10\",\"hashParts\":[16842752,257,65537,66304]},{\"id\":\"12\",\"hashParts\":[16842752,257,65537,328448]},{\"id\":\"5\",\"hashParts\":[16842752,257,65537,65792]},{\"id\":\"7\",\"hashParts\":[257,100,23,16]},{\"id\":\"8\",\"hashParts\":[257,21,41,18]},{\"id\":\"9\",\"hashParts\":[257,31,97,255]},{\"id\":\"999\",\"hashParts\":[16842752,257,65542,328448]}]}"
]