[
  "{\"docId\":\"id of a a a a a a a b a a b\",\"minHashParts\":[-833071447,-1027651279,-2069512642,-1017528561,-1094069123,-1210707298,-1739319746,-1799177614,-1576033872,-1112750460,-1772187854,-772799816]}",
  "{\"docId\":\"id of a b c d e f g h i j k\",\"minHashParts\":[-1161897907,-2134239651,-1579517175,-1864968066,-1446709498,-2084470403,-1463348223,-1788475622,-1176860409,-1970764010,-1928637105,-2138086010]}",
  "{\"docId\":\"id of k b c d e f g h j k k\",\"minHashParts\":[-1164092242,-1571953576,-2080276270,-1639155143,-1712217886,-1005818415,-605162628,-1640456009,-1731457901,-900753798,-959017107,-1990925158]}"
]