[
  "{\"docId\":\"id of a a a a a a a b a a b\",\"url\":\"http://a a a a a a a b a a b\",\"canonicalURL\":null,\"fingerprints\":{\"64BitK3SimHashOneGramms\":[621150208,64504,15400971,980736],\"64BitK3SimHashThreeAndFiveGramms\":[1285095424,14407,8061038,4684544]},\"crawlingTimestamp\":null,\"documentLengthInWords\":14,\"documentLengthInWordsWithoutStopWords\":11}",
  "{\"docId\":\"id of a b c d e f g h i j k\",\"url\":\"http://a b c d e f g h i j k\",\"canonicalURL\":null,\"fingerprints\":{\"64BitK3SimHashOneGramms\":[-165478400,4035,6946922,14746624],\"64BitK3SimHashThreeAndFiveGramms\":[1423114240,49783,8192011,15077632]},\"crawlingTimestamp\":null,\"documentLengthInWords\":14,\"documentLengthInWordsWithoutStopWords\":11}",
  "{\"docId\":\"id of k b c d e f g h j k k\",\"url\":\"http://k b c d e f g h j k k\",\"canonicalURL\":null,\"fingerprints\":{\"64BitK3SimHashOneGramms\":[-698155008,3523,6946918,11618304],\"64BitK3SimHashThreeAndFiveGramms\":[1607925760,44885,7798890,13866240]},\"crawlingTimestamp\":null,\"documentLengthInWords\":14,\"documentLengthInWordsWithoutStopWords\":11}"
]