[
  "{\"entries\":[{\"id\":\"1\",\"hashParts\":[1,2,3,4]},{\"id\":\"5\",\"hashParts\":[1,2,3,5]},{\"id\":\"6\",\"hashParts\":[1,2,3,6]}]}",
  "{\"entries\":[{\"id\":\"1\",\"hashParts\":[1,2,3,4]},{\"id\":\"5\",\"hashParts\":[1,2,3,5]},{\"id\":\"6\",\"hashParts\":[1,2,3,6]}]}",
  "{\"entries\":[{\"id\":\"1\",\"hashParts\":[1,2,3,4]},{\"id\":\"5\",\"hashParts\":[1,2,3,5]},{\"id\":\"6\",\"hashParts\":[1,2,3,6]}]}"
]