[
  "({\"id\":\"clueweb09-en0008-02-29970\",\"content\":\"content of clueweb09-en0008-02-29970\",\"fullyCanonicalizedContent\":\"fullyCanonicalizedContent of clueweb09-en0008-02-29970\"},[CLUEWEB09::WEB_2009::50])"
]