[
  "{\"srcId\":\"clueweb09-en0008-02-29970\",\"targetId\":\"clueweb09-2\",\"topic\":\"CLUEWEB09::WEB_2009::50\",\"srcURL\":\"https://chatnoir.eu/cache?uuid\u003d9c5f9dfe-fc71-5f12-ac92-82b39be143d4\u0026index\u003dcw09\u0026raw\",\"targetURL\":\"https://chatnoir.eu/cache?uuid\u003d03497ce3-d827-5e8e-a26b-a5eee7f141f7\u0026index\u003dcw09\u0026raw\",\"k\":0,\"relevanceLabel\":0}",
  "{\"srcId\":\"clueweb09-en0008-02-29970\",\"targetId\":\"clueweb09-5\",\"topic\":\"CLUEWEB09::WEB_2009::50\",\"srcURL\":\"https://chatnoir.eu/cache?uuid\u003d9c5f9dfe-fc71-5f12-ac92-82b39be143d4\u0026index\u003dcw09\u0026raw\",\"targetURL\":\"https://chatnoir.eu/cache?uuid\u003d204ce032-2e4d-5a7c-8793-0b643618baac\u0026index\u003dcw09\u0026raw\",\"k\":0,\"relevanceLabel\":0}",
  "{\"srcId\":\"clueweb09-en0008-02-29970\",\"targetId\":\"clueweb12-1800tw-04-16339\",\"topic\":\"CLUEWEB09::WEB_2009::50\",\"srcURL\":\"https://chatnoir.eu/cache?uuid\u003d9c5f9dfe-fc71-5f12-ac92-82b39be143d4\u0026index\u003dcw09\u0026raw\",\"targetURL\":\"https://chatnoir.eu/cache?uuid\u003d0d505456-9d67-5221-954e-683cfd89b29d\u0026index\u003dcw12\u0026raw\",\"k\":0,\"relevanceLabel\":0}",
  "{\"srcId\":\"clueweb12-1800tw-04-16339\",\"targetId\":\"clueweb09-2\",\"topic\":\"CLUEWEB12::SESSION_2013::52\",\"srcURL\":\"https://chatnoir.eu/cache?uuid\u003d0d505456-9d67-5221-954e-683cfd89b29d\u0026index\u003dcw12\u0026raw\",\"targetURL\":\"https://chatnoir.eu/cache?uuid\u003d03497ce3-d827-5e8e-a26b-a5eee7f141f7\u0026index\u003dcw09\u0026raw\",\"k\":0,\"relevanceLabel\":1}",
  "{\"srcId\":\"clueweb12-1800tw-04-16339\",\"targetId\":\"clueweb09-2\",\"topic\":\"CLUEWEB12::SESSION_2014::60\",\"srcURL\":\"https://chatnoir.eu/cache?uuid\u003d0d505456-9d67-5221-954e-683cfd89b29d\u0026index\u003dcw12\u0026raw\",\"targetURL\":\"https://chatnoir.eu/cache?uuid\u003d03497ce3-d827-5e8e-a26b-a5eee7f141f7\u0026index\u003dcw09\u0026raw\",\"k\":0,\"relevanceLabel\":1}",
  "{\"srcId\":\"clueweb12-1800tw-04-16339\",\"targetId\":\"clueweb09-5\",\"topic\":\"CLUEWEB12::SESSION_2013::52\",\"srcURL\":\"https://chatnoir.eu/cache?uuid\u003d0d505456-9d67-5221-954e-683cfd89b29d\u0026index\u003dcw12\u0026raw\",\"targetURL\":\"https://chatnoir.eu/cache?uuid\u003d204ce032-2e4d-5a7c-8793-0b643618baac\u0026index\u003dcw09\u0026raw\",\"k\":0,\"relevanceLabel\":1}",
  "{\"srcId\":\"clueweb12-1800tw-04-16339\",\"targetId\":\"clueweb09-5\",\"topic\":\"CLUEWEB12::SESSION_2014::60\",\"srcURL\":\"https://chatnoir.eu/cache?uuid\u003d0d505456-9d67-5221-954e-683cfd89b29d\u0026index\u003dcw12\u0026raw\",\"targetURL\":\"https://chatnoir.eu/cache?uuid\u003d204ce032-2e4d-5a7c-8793-0b643618baac\u0026index\u003dcw09\u0026raw\",\"k\":0,\"relevanceLabel\":1}",
  "{\"srcId\":\"clueweb12-1800tw-04-16339\",\"targetId\":\"clueweb09-en0008-02-29970\",\"topic\":\"CLUEWEB12::SESSION_2013::52\",\"srcURL\":\"https://chatnoir.eu/cache?uuid\u003d0d505456-9d67-5221-954e-683cfd89b29d\u0026index\u003dcw12\u0026raw\",\"targetURL\":\"https://chatnoir.eu/cache?uuid\u003d9c5f9dfe-fc71-5f12-ac92-82b39be143d4\u0026index\u003dcw09\u0026raw\",\"k\":0,\"relevanceLabel\":1}",
  "{\"srcId\":\"clueweb12-1800tw-04-16339\",\"targetId\":\"clueweb09-en0008-02-29970\",\"topic\":\"CLUEWEB12::SESSION_2014::60\",\"srcURL\":\"https://chatnoir.eu/cache?uuid\u003d0d505456-9d67-5221-954e-683cfd89b29d\u0026index\u003dcw12\u0026raw\",\"targetURL\":\"https://chatnoir.eu/cache?uuid\u003d9c5f9dfe-fc71-5f12-ac92-82b39be143d4\u0026index\u003dcw09\u0026raw\",\"k\":0,\"relevanceLabel\":1}"
]