
{"hash":"-639055371","ids":["doc-1","doc-2"]}
{"hash":"41003061","ids":["doc-3","doc-4"]}
{"hash":"721061493","ids":["doc-5","doc-6"]}
{"hash":"-639055371","ids":["doc-1","doc-2"]}
{"hash":"-1766451371","ids":["doc-4","doc-5"]}