[
  "web-archive-analysis/corpus-commoncrawl-main-2020-16-graphx-nodes.tsv/part-*00.bz2",
  "web-archive-analysis/corpus-commoncrawl-main-2020-16-graphx-nodes.tsv/part-*01.bz2",
  "web-archive-analysis/corpus-commoncrawl-main-2020-16-graphx-nodes.tsv/part-*02.bz2",
  "web-archive-analysis/corpus-commoncrawl-main-2020-16-graphx-nodes.tsv/part-*03.bz2",
  "web-archive-analysis/corpus-commoncrawl-main-2020-16-graphx-nodes.tsv/part-*04.bz2",
  "web-archive-analysis/corpus-commoncrawl-main-2020-16-graphx-nodes.tsv/part-*05.bz2",
  "web-archive-analysis/corpus-commoncrawl-main-2020-16-graphx-nodes.tsv/part-*06.bz2",
  "web-archive-analysis/corpus-commoncrawl-main-2020-16-graphx-nodes.tsv/part-*07.bz2",
  "web-archive-analysis/corpus-commoncrawl-main-2020-16-graphx-nodes.tsv/part-*08.bz2",
  "web-archive-analysis/corpus-commoncrawl-main-2020-16-graphx-nodes.tsv/part-*09.bz2",
  "web-archive-analysis/corpus-commoncrawl-main-2020-16-graphx-nodes.tsv/part-*10.bz2",
  "web-archive-analysis/corpus-commoncrawl-main-2020-16-graphx-nodes.tsv/part-*11.bz2",
  "web-archive-analysis/corpus-commoncrawl-main-2020-16-graphx-nodes.tsv/part-*12.bz2",
  "web-archive-analysis/corpus-commoncrawl-main-2020-16-graphx-nodes.tsv/part-*13.bz2",
  "web-archive-analysis/corpus-commoncrawl-main-2020-16-graphx-nodes.tsv/part-*14.bz2",
  "web-archive-analysis/corpus-commoncrawl-main-2020-16-graphx-nodes.tsv/part-*15.bz2",
  "web-archive-analysis/corpus-commoncrawl-main-2020-16-graphx-nodes.tsv/part-*16.bz2",
  "web-archive-analysis/corpus-commoncrawl-main-2020-16-graphx-nodes.tsv/part-*17.bz2",
  "web-archive-analysis/corpus-commoncrawl-main-2020-16-graphx-nodes.tsv/part-*18.bz2",
  "web-archive-analysis/corpus-commoncrawl-main-2020-16-graphx-nodes.tsv/part-*19.bz2",
  "web-archive-analysis/corpus-commoncrawl-main-2020-16-graphx-nodes.tsv/part-*20.bz2",
  "web-archive-analysis/corpus-commoncrawl-main-2020-16-graphx-nodes.tsv/part-*21.bz2",
  "web-archive-analysis/corpus-commoncrawl-main-2020-16-graphx-nodes.tsv/part-*22.bz2",
  "web-archive-analysis/corpus-commoncrawl-main-2020-16-graphx-nodes.tsv/part-*23.bz2",
  "web-archive-analysis/corpus-commoncrawl-main-2020-16-graphx-nodes.tsv/part-*24.bz2",
  "web-archive-analysis/corpus-commoncrawl-main-2020-16-graphx-nodes.tsv/part-*25.bz2",
  "web-archive-analysis/corpus-commoncrawl-main-2020-16-graphx-nodes.tsv/part-*26.bz2",
  "web-archive-analysis/corpus-commoncrawl-main-2020-16-graphx-nodes.tsv/part-*27.bz2",
  "web-archive-analysis/corpus-commoncrawl-main-2020-16-graphx-nodes.tsv/part-*28.bz2",
  "web-archive-analysis/corpus-commoncrawl-main-2020-16-graphx-nodes.tsv/part-*29.bz2",
  "web-archive-analysis/corpus-commoncrawl-main-2020-16-graphx-nodes.tsv/part-*30.bz2",
  "web-archive-analysis/corpus-commoncrawl-main-2020-16-graphx-nodes.tsv/part-*31.bz2",
  "web-archive-analysis/corpus-commoncrawl-main-2020-16-graphx-nodes.tsv/part-*32.bz2",
  "web-archive-analysis/corpus-commoncrawl-main-2020-16-graphx-nodes.tsv/part-*33.bz2",
  "web-archive-analysis/corpus-commoncrawl-main-2020-16-graphx-nodes.tsv/part-*34.bz2",
  "web-archive-analysis/corpus-commoncrawl-main-2020-16-graphx-nodes.tsv/part-*35.bz2",
  "web-archive-analysis/corpus-commoncrawl-main-2020-16-graphx-nodes.tsv/part-*36.bz2",
  "web-archive-analysis/corpus-commoncrawl-main-2020-16-graphx-nodes.tsv/part-*37.bz2",
  "web-archive-analysis/corpus-commoncrawl-main-2020-16-graphx-nodes.tsv/part-*38.bz2",
  "web-archive-analysis/corpus-commoncrawl-main-2020-16-graphx-nodes.tsv/part-*39.bz2",
  "web-archive-analysis/corpus-commoncrawl-main-2020-16-graphx-nodes.tsv/part-*40.bz2",
  "web-archive-analysis/corpus-commoncrawl-main-2020-16-graphx-nodes.tsv/part-*41.bz2",
  "web-archive-analysis/corpus-commoncrawl-main-2020-16-graphx-nodes.tsv/part-*42.bz2",
  "web-archive-analysis/corpus-commoncrawl-main-2020-16-graphx-nodes.tsv/part-*43.bz2",
  "web-archive-analysis/corpus-commoncrawl-main-2020-16-graphx-nodes.tsv/part-*44.bz2",
  "web-archive-analysis/corpus-commoncrawl-main-2020-16-graphx-nodes.tsv/part-*45.bz2",
  "web-archive-analysis/corpus-commoncrawl-main-2020-16-graphx-nodes.tsv/part-*46.bz2",
  "web-archive-analysis/corpus-commoncrawl-main-2020-16-graphx-nodes.tsv/part-*47.bz2",
  "web-archive-analysis/corpus-commoncrawl-main-2020-16-graphx-nodes.tsv/part-*48.bz2",
  "web-archive-analysis/corpus-commoncrawl-main-2020-16-graphx-nodes.tsv/part-*49.bz2",
  "web-archive-analysis/corpus-commoncrawl-main-2020-16-graphx-nodes.tsv/part-*50.bz2",
  "web-archive-analysis/corpus-commoncrawl-main-2020-16-graphx-nodes.tsv/part-*51.bz2",
  "web-archive-analysis/corpus-commoncrawl-main-2020-16-graphx-nodes.tsv/part-*52.bz2",
  "web-archive-analysis/corpus-commoncrawl-main-2020-16-graphx-nodes.tsv/part-*53.bz2",
  "web-archive-analysis/corpus-commoncrawl-main-2020-16-graphx-nodes.tsv/part-*54.bz2",
  "web-archive-analysis/corpus-commoncrawl-main-2020-16-graphx-nodes.tsv/part-*55.bz2",
  "web-archive-analysis/corpus-commoncrawl-main-2020-16-graphx-nodes.tsv/part-*56.bz2",
  "web-archive-analysis/corpus-commoncrawl-main-2020-16-graphx-nodes.tsv/part-*57.bz2",
  "web-archive-analysis/corpus-commoncrawl-main-2020-16-graphx-nodes.tsv/part-*58.bz2",
  "web-archive-analysis/corpus-commoncrawl-main-2020-16-graphx-nodes.tsv/part-*59.bz2",
  "web-archive-analysis/corpus-commoncrawl-main-2020-16-graphx-nodes.tsv/part-*60.bz2",
  "web-archive-analysis/corpus-commoncrawl-main-2020-16-graphx-nodes.tsv/part-*61.bz2",
  "web-archive-analysis/corpus-commoncrawl-main-2020-16-graphx-nodes.tsv/part-*62.bz2",
  "web-archive-analysis/corpus-commoncrawl-main-2020-16-graphx-nodes.tsv/part-*63.bz2",
  "web-archive-analysis/corpus-commoncrawl-main-2020-16-graphx-nodes.tsv/part-*64.bz2",
  "web-archive-analysis/corpus-commoncrawl-main-2020-16-graphx-nodes.tsv/part-*65.bz2",
  "web-archive-analysis/corpus-commoncrawl-main-2020-16-graphx-nodes.tsv/part-*66.bz2",
  "web-archive-analysis/corpus-commoncrawl-main-2020-16-graphx-nodes.tsv/part-*67.bz2",
  "web-archive-analysis/corpus-commoncrawl-main-2020-16-graphx-nodes.tsv/part-*68.bz2",
  "web-archive-analysis/corpus-commoncrawl-main-2020-16-graphx-nodes.tsv/part-*69.bz2",
  "web-archive-analysis/corpus-commoncrawl-main-2020-16-graphx-nodes.tsv/part-*70.bz2",
  "web-archive-analysis/corpus-commoncrawl-main-2020-16-graphx-nodes.tsv/part-*71.bz2",
  "web-archive-analysis/corpus-commoncrawl-main-2020-16-graphx-nodes.tsv/part-*72.bz2",
  "web-archive-analysis/corpus-commoncrawl-main-2020-16-graphx-nodes.tsv/part-*73.bz2",
  "web-archive-analysis/corpus-commoncrawl-main-2020-16-graphx-nodes.tsv/part-*74.bz2",
  "web-archive-analysis/corpus-commoncrawl-main-2020-16-graphx-nodes.tsv/part-*75.bz2",
  "web-archive-analysis/corpus-commoncrawl-main-2020-16-graphx-nodes.tsv/part-*76.bz2",
  "web-archive-analysis/corpus-commoncrawl-main-2020-16-graphx-nodes.tsv/part-*77.bz2",
  "web-archive-analysis/corpus-commoncrawl-main-2020-16-graphx-nodes.tsv/part-*78.bz2",
  "web-archive-analysis/corpus-commoncrawl-main-2020-16-graphx-nodes.tsv/part-*79.bz2",
  "web-archive-analysis/corpus-commoncrawl-main-2020-16-graphx-nodes.tsv/part-*80.bz2",
  "web-archive-analysis/corpus-commoncrawl-main-2020-16-graphx-nodes.tsv/part-*81.bz2",
  "web-archive-analysis/corpus-commoncrawl-main-2020-16-graphx-nodes.tsv/part-*82.bz2",
  "web-archive-analysis/corpus-commoncrawl-main-2020-16-graphx-nodes.tsv/part-*83.bz2",
  "web-archive-analysis/corpus-commoncrawl-main-2020-16-graphx-nodes.tsv/part-*84.bz2",
  "web-archive-analysis/corpus-commoncrawl-main-2020-16-graphx-nodes.tsv/part-*85.bz2",
  "web-archive-analysis/corpus-commoncrawl-main-2020-16-graphx-nodes.tsv/part-*86.bz2",
  "web-archive-analysis/corpus-commoncrawl-main-2020-16-graphx-nodes.tsv/part-*87.bz2",
  "web-archive-analysis/corpus-commoncrawl-main-2020-16-graphx-nodes.tsv/part-*88.bz2",
  "web-archive-analysis/corpus-commoncrawl-main-2020-16-graphx-nodes.tsv/part-*89.bz2",
  "web-archive-analysis/corpus-commoncrawl-main-2020-16-graphx-nodes.tsv/part-*90.bz2",
  "web-archive-analysis/corpus-commoncrawl-main-2020-16-graphx-nodes.tsv/part-*91.bz2",
  "web-archive-analysis/corpus-commoncrawl-main-2020-16-graphx-nodes.tsv/part-*92.bz2",
  "web-archive-analysis/corpus-commoncrawl-main-2020-16-graphx-nodes.tsv/part-*93.bz2",
  "web-archive-analysis/corpus-commoncrawl-main-2020-16-graphx-nodes.tsv/part-*94.bz2",
  "web-archive-analysis/corpus-commoncrawl-main-2020-16-graphx-nodes.tsv/part-*95.bz2",
  "web-archive-analysis/corpus-commoncrawl-main-2020-16-graphx-nodes.tsv/part-*96.bz2",
  "web-archive-analysis/corpus-commoncrawl-main-2020-16-graphx-nodes.tsv/part-*97.bz2",
  "web-archive-analysis/corpus-commoncrawl-main-2020-16-graphx-nodes.tsv/part-*98.bz2",
  "web-archive-analysis/corpus-commoncrawl-main-2020-16-graphx-nodes.tsv/part-*99.bz2"
]