{
  "CLUEWEB09::SESSION_2010::101": 273,
  "CLUEWEB09::SESSION_2010::102": 248,
  "CLUEWEB09::SESSION_2010::103": 236,
  "CLUEWEB09::SESSION_2010::104": 238,
  "CLUEWEB09::SESSION_2010::105": 234,
  "CLUEWEB09::SESSION_2010::106": 255,
  "CLUEWEB09::SESSION_2010::107": 282,
  "CLUEWEB09::SESSION_2010::108": 238,
  "CLUEWEB09::SESSION_2010::109": 263,
  "CLUEWEB09::SESSION_2010::10": 245,
  "CLUEWEB09::SESSION_2010::110": 266,
  "CLUEWEB09::SESSION_2010::111": 166,
  "CLUEWEB09::SESSION_2010::112": 228,
  "CLUEWEB09::SESSION_2010::113": 265,
  "CLUEWEB09::SESSION_2010::115": 259,
  "CLUEWEB09::SESSION_2010::116": 207,
  "CLUEWEB09::SESSION_2010::117": 221,
  "CLUEWEB09::SESSION_2010::119": 231,
  "CLUEWEB09::SESSION_2010::11": 273,
  "CLUEWEB09::SESSION_2010::121": 292,
  "CLUEWEB09::SESSION_2010::122": 295,
  "CLUEWEB09::SESSION_2010::123": 273,
  "CLUEWEB09::SESSION_2010::124": 185,
  "CLUEWEB09::SESSION_2010::125": 300,
  "CLUEWEB09::SESSION_2010::127": 249,
  "CLUEWEB09::SESSION_2010::128": 238,
  "CLUEWEB09::SESSION_2010::129": 278,
  "CLUEWEB09::SESSION_2010::12": 238,
  "CLUEWEB09::SESSION_2010::131": 248,
  "CLUEWEB09::SESSION_2010::132": 282,
  "CLUEWEB09::SESSION_2010::133": 273,
  "CLUEWEB09::SESSION_2010::134": 282,
  "CLUEWEB09::SESSION_2010::135": 175,
  "CLUEWEB09::SESSION_2010::137": 265,
  "CLUEWEB09::SESSION_2010::138": 240,
  "CLUEWEB09::SESSION_2010::139": 184,
  "CLUEWEB09::SESSION_2010::13": 233,
  "CLUEWEB09::SESSION_2010::140": 205,
  "CLUEWEB09::SESSION_2010::141": 186,
  "CLUEWEB09::SESSION_2010::142": 199,
  "CLUEWEB09::SESSION_2010::143": 252,
  "CLUEWEB09::SESSION_2010::144": 235,
  "CLUEWEB09::SESSION_2010::145": 264,
  "CLUEWEB09::SESSION_2010::146": 239,
  "CLUEWEB09::SESSION_2010::147": 275,
  "CLUEWEB09::SESSION_2010::148": 232,
  "CLUEWEB09::SESSION_2010::149": 205,
  "CLUEWEB09::SESSION_2010::14": 241,
  "CLUEWEB09::SESSION_2010::150": 275,
  "CLUEWEB09::SESSION_2010::15": 176,
  "CLUEWEB09::SESSION_2010::16": 273,
  "CLUEWEB09::SESSION_2010::17": 250,
  "CLUEWEB09::SESSION_2010::18": 268,
  "CLUEWEB09::SESSION_2010::19": 261,
  "CLUEWEB09::SESSION_2010::1": 274,
  "CLUEWEB09::SESSION_2010::20": 254,
  "CLUEWEB09::SESSION_2010::21": 244,
  "CLUEWEB09::SESSION_2010::22": 207,
  "CLUEWEB09::SESSION_2010::23": 228,
  "CLUEWEB09::SESSION_2010::25": 250,
  "CLUEWEB09::SESSION_2010::26": 242,
  "CLUEWEB09::SESSION_2010::27": 263,
  "CLUEWEB09::SESSION_2010::28": 242,
  "CLUEWEB09::SESSION_2010::29": 236,
  "CLUEWEB09::SESSION_2010::2": 243,
  "CLUEWEB09::SESSION_2010::31": 257,
  "CLUEWEB09::SESSION_2010::32": 282,
  "CLUEWEB09::SESSION_2010::33": 214,
  "CLUEWEB09::SESSION_2010::34": 235,
  "CLUEWEB09::SESSION_2010::37": 253,
  "CLUEWEB09::SESSION_2010::38": 272,
  "CLUEWEB09::SESSION_2010::39": 175,
  "CLUEWEB09::SESSION_2010::3": 277,
  "CLUEWEB09::SESSION_2010::41": 182,
  "CLUEWEB09::SESSION_2010::42": 265,
  "CLUEWEB09::SESSION_2010::43": 251,
  "CLUEWEB09::SESSION_2010::44": 243,
  "CLUEWEB09::SESSION_2010::45": 224,
  "CLUEWEB09::SESSION_2010::46": 239,
  "CLUEWEB09::SESSION_2010::47": 207,
  "CLUEWEB09::SESSION_2010::48": 234,
  "CLUEWEB09::SESSION_2010::49": 241,
  "CLUEWEB09::SESSION_2010::4": 238,
  "CLUEWEB09::SESSION_2010::50": 244,
  "CLUEWEB09::SESSION_2010::51": 247,
  "CLUEWEB09::SESSION_2010::52": 249,
  "CLUEWEB09::SESSION_2010::53": 310,
  "CLUEWEB09::SESSION_2010::54": 283,
  "CLUEWEB09::SESSION_2010::55": 210,
  "CLUEWEB09::SESSION_2010::56": 257,
  "CLUEWEB09::SESSION_2010::57": 250,
  "CLUEWEB09::SESSION_2010::59": 231,
  "CLUEWEB09::SESSION_2010::5": 274,
  "CLUEWEB09::SESSION_2010::60": 300,
  "CLUEWEB09::SESSION_2010::61": 290,
  "CLUEWEB09::SESSION_2010::62": 264,
  "CLUEWEB09::SESSION_2010::63": 242,
  "CLUEWEB09::SESSION_2010::64": 194,
  "CLUEWEB09::SESSION_2010::65": 219,
  "CLUEWEB09::SESSION_2010::66": 239,
  "CLUEWEB09::SESSION_2010::67": 198,
  "CLUEWEB09::SESSION_2010::68": 208,
  "CLUEWEB09::SESSION_2010::69": 266,
  "CLUEWEB09::SESSION_2010::6": 214,
  "CLUEWEB09::SESSION_2010::71": 272,
  "CLUEWEB09::SESSION_2010::72": 193,
  "CLUEWEB09::SESSION_2010::73": 234,
  "CLUEWEB09::SESSION_2010::74": 311,
  "CLUEWEB09::SESSION_2010::75": 241,
  "CLUEWEB09::SESSION_2010::76": 207,
  "CLUEWEB09::SESSION_2010::77": 180,
  "CLUEWEB09::SESSION_2010::78": 211,
  "CLUEWEB09::SESSION_2010::79": 274,
  "CLUEWEB09::SESSION_2010::7": 245,
  "CLUEWEB09::SESSION_2010::80": 304,
  "CLUEWEB09::SESSION_2010::81": 257,
  "CLUEWEB09::SESSION_2010::82": 211,
  "CLUEWEB09::SESSION_2010::83": 274,
  "CLUEWEB09::SESSION_2010::84": 264,
  "CLUEWEB09::SESSION_2010::85": 255,
  "CLUEWEB09::SESSION_2010::86": 255,
  "CLUEWEB09::SESSION_2010::87": 256,
  "CLUEWEB09::SESSION_2010::88": 206,
  "CLUEWEB09::SESSION_2010::89": 208,
  "CLUEWEB09::SESSION_2010::8": 277,
  "CLUEWEB09::SESSION_2010::90": 228,
  "CLUEWEB09::SESSION_2010::91": 248,
  "CLUEWEB09::SESSION_2010::92": 291,
  "CLUEWEB09::SESSION_2010::93": 208,
  "CLUEWEB09::SESSION_2010::94": 251,
  "CLUEWEB09::SESSION_2010::95": 210,
  "CLUEWEB09::SESSION_2010::96": 267,
  "CLUEWEB09::SESSION_2010::97": 245,
  "CLUEWEB09::SESSION_2010::98": 238,
  "CLUEWEB09::SESSION_2010::99": 206,
  "CLUEWEB09::SESSION_2010::9": 239,
  "CLUEWEB09::SESSION_2011::10": 351,
  "CLUEWEB09::SESSION_2011::11": 335,
  "CLUEWEB09::SESSION_2011::12": 237,
  "CLUEWEB09::SESSION_2011::13": 340,
  "CLUEWEB09::SESSION_2011::14": 392,
  "CLUEWEB09::SESSION_2011::15": 271,
  "CLUEWEB09::SESSION_2011::16": 294,
  "CLUEWEB09::SESSION_2011::17": 219,
  "CLUEWEB09::SESSION_2011::18": 341,
  "CLUEWEB09::SESSION_2011::19": 297,
  "CLUEWEB09::SESSION_2011::1": 305,
  "CLUEWEB09::SESSION_2011::20": 443,
  "CLUEWEB09::SESSION_2011::21": 299,
  "CLUEWEB09::SESSION_2011::22": 219,
  "CLUEWEB09::SESSION_2011::23": 236,
  "CLUEWEB09::SESSION_2011::24": 269,
  "CLUEWEB09::SESSION_2011::25": 466,
  "CLUEWEB09::SESSION_2011::26": 334,
  "CLUEWEB09::SESSION_2011::27": 325,
  "CLUEWEB09::SESSION_2011::28": 307,
  "CLUEWEB09::SESSION_2011::29": 365,
  "CLUEWEB09::SESSION_2011::2": 320,
  "CLUEWEB09::SESSION_2011::30": 466,
  "CLUEWEB09::SESSION_2011::31": 335,
  "CLUEWEB09::SESSION_2011::32": 487,
  "CLUEWEB09::SESSION_2011::33": 287,
  "CLUEWEB09::SESSION_2011::34": 136,
  "CLUEWEB09::SESSION_2011::35": 279,
  "CLUEWEB09::SESSION_2011::36": 486,
  "CLUEWEB09::SESSION_2011::37": 157,
  "CLUEWEB09::SESSION_2011::38": 239,
  "CLUEWEB09::SESSION_2011::39": 254,
  "CLUEWEB09::SESSION_2011::3": 184,
  "CLUEWEB09::SESSION_2011::40": 257,
  "CLUEWEB09::SESSION_2011::41": 290,
  "CLUEWEB09::SESSION_2011::42": 215,
  "CLUEWEB09::SESSION_2011::43": 535,
  "CLUEWEB09::SESSION_2011::44": 277,
  "CLUEWEB09::SESSION_2011::45": 326,
  "CLUEWEB09::SESSION_2011::46": 300,
  "CLUEWEB09::SESSION_2011::47": 254,
  "CLUEWEB09::SESSION_2011::48": 374,
  "CLUEWEB09::SESSION_2011::49": 482,
  "CLUEWEB09::SESSION_2011::4": 242,
  "CLUEWEB09::SESSION_2011::50": 190,
  "CLUEWEB09::SESSION_2011::51": 413,
  "CLUEWEB09::SESSION_2011::52": 776,
  "CLUEWEB09::SESSION_2011::53": 241,
  "CLUEWEB09::SESSION_2011::54": 225,
  "CLUEWEB09::SESSION_2011::55": 282,
  "CLUEWEB09::SESSION_2011::56": 303,
  "CLUEWEB09::SESSION_2011::57": 351,
  "CLUEWEB09::SESSION_2011::58": 183,
  "CLUEWEB09::SESSION_2011::59": 252,
  "CLUEWEB09::SESSION_2011::5": 213,
  "CLUEWEB09::SESSION_2011::60": 233,
  "CLUEWEB09::SESSION_2011::61": 249,
  "CLUEWEB09::SESSION_2011::62": 202,
  "CLUEWEB09::SESSION_2011::6": 245,
  "CLUEWEB09::SESSION_2011::7": 684,
  "CLUEWEB09::SESSION_2011::8": 296,
  "CLUEWEB09::SESSION_2011::9": 248,
  "CLUEWEB09::SESSION_2012::10": 336,
  "CLUEWEB09::SESSION_2012::11": 323,
  "CLUEWEB09::SESSION_2012::12": 273,
  "CLUEWEB09::SESSION_2012::13": 410,
  "CLUEWEB09::SESSION_2012::14": 552,
  "CLUEWEB09::SESSION_2012::15": 479,
  "CLUEWEB09::SESSION_2012::16": 726,
  "CLUEWEB09::SESSION_2012::17": 249,
  "CLUEWEB09::SESSION_2012::18": 579,
  "CLUEWEB09::SESSION_2012::19": 170,
  "CLUEWEB09::SESSION_2012::1": 193,
  "CLUEWEB09::SESSION_2012::20": 215,
  "CLUEWEB09::SESSION_2012::21": 723,
  "CLUEWEB09::SESSION_2012::22": 480,
  "CLUEWEB09::SESSION_2012::23": 135,
  "CLUEWEB09::SESSION_2012::24": 743,
  "CLUEWEB09::SESSION_2012::25": 214,
  "CLUEWEB09::SESSION_2012::26": 560,
  "CLUEWEB09::SESSION_2012::27": 626,
  "CLUEWEB09::SESSION_2012::28": 218,
  "CLUEWEB09::SESSION_2012::29": 224,
  "CLUEWEB09::SESSION_2012::2": 369,
  "CLUEWEB09::SESSION_2012::30": 228,
  "CLUEWEB09::SESSION_2012::31": 160,
  "CLUEWEB09::SESSION_2012::32": 415,
  "CLUEWEB09::SESSION_2012::33": 229,
  "CLUEWEB09::SESSION_2012::34": 466,
  "CLUEWEB09::SESSION_2012::35": 630,
  "CLUEWEB09::SESSION_2012::36": 197,
  "CLUEWEB09::SESSION_2012::37": 191,
  "CLUEWEB09::SESSION_2012::38": 305,
  "CLUEWEB09::SESSION_2012::39": 337,
  "CLUEWEB09::SESSION_2012::3": 266,
  "CLUEWEB09::SESSION_2012::40": 448,
  "CLUEWEB09::SESSION_2012::41": 494,
  "CLUEWEB09::SESSION_2012::42": 199,
  "CLUEWEB09::SESSION_2012::43": 316,
  "CLUEWEB09::SESSION_2012::44": 183,
  "CLUEWEB09::SESSION_2012::45": 474,
  "CLUEWEB09::SESSION_2012::46": 445,
  "CLUEWEB09::SESSION_2012::47": 472,
  "CLUEWEB09::SESSION_2012::48": 414,
  "CLUEWEB09::SESSION_2012::4": 302,
  "CLUEWEB09::SESSION_2012::5": 503,
  "CLUEWEB09::SESSION_2012::6": 265,
  "CLUEWEB09::SESSION_2012::7": 262,
  "CLUEWEB09::SESSION_2012::8": 525,
  "CLUEWEB09::SESSION_2012::9": 338,
  "CLUEWEB09::WEB_2009::10": 255,
  "CLUEWEB09::WEB_2009::11": 250,
  "CLUEWEB09::WEB_2009::12": 291,
  "CLUEWEB09::WEB_2009::13": 325,
  "CLUEWEB09::WEB_2009::14": 298,
  "CLUEWEB09::WEB_2009::15": 253,
  "CLUEWEB09::WEB_2009::16": 312,
  "CLUEWEB09::WEB_2009::17": 330,
  "CLUEWEB09::WEB_2009::18": 218,
  "CLUEWEB09::WEB_2009::19": 317,
  "CLUEWEB09::WEB_2009::1": 246,
  "CLUEWEB09::WEB_2009::20": 259,
  "CLUEWEB09::WEB_2009::21": 241,
  "CLUEWEB09::WEB_2009::22": 235,
  "CLUEWEB09::WEB_2009::23": 289,
  "CLUEWEB09::WEB_2009::24": 313,
  "CLUEWEB09::WEB_2009::25": 273,
  "CLUEWEB09::WEB_2009::26": 257,
  "CLUEWEB09::WEB_2009::27": 267,
  "CLUEWEB09::WEB_2009::28": 254,
  "CLUEWEB09::WEB_2009::29": 245,
  "CLUEWEB09::WEB_2009::2": 221,
  "CLUEWEB09::WEB_2009::30": 271,
  "CLUEWEB09::WEB_2009::31": 285,
  "CLUEWEB09::WEB_2009::32": 273,
  "CLUEWEB09::WEB_2009::33": 223,
  "CLUEWEB09::WEB_2009::34": 288,
  "CLUEWEB09::WEB_2009::35": 263,
  "CLUEWEB09::WEB_2009::36": 296,
  "CLUEWEB09::WEB_2009::37": 194,
  "CLUEWEB09::WEB_2009::38": 295,
  "CLUEWEB09::WEB_2009::39": 364,
  "CLUEWEB09::WEB_2009::3": 286,
  "CLUEWEB09::WEB_2009::40": 183,
  "CLUEWEB09::WEB_2009::41": 259,
  "CLUEWEB09::WEB_2009::42": 235,
  "CLUEWEB09::WEB_2009::43": 250,
  "CLUEWEB09::WEB_2009::44": 289,
  "CLUEWEB09::WEB_2009::45": 269,
  "CLUEWEB09::WEB_2009::46": 146,
  "CLUEWEB09::WEB_2009::47": 200,
  "CLUEWEB09::WEB_2009::48": 235,
  "CLUEWEB09::WEB_2009::49": 270,
  "CLUEWEB09::WEB_2009::4": 270,
  "CLUEWEB09::WEB_2009::50": 256,
  "CLUEWEB09::WEB_2009::5": 230,
  "CLUEWEB09::WEB_2009::6": 245,
  "CLUEWEB09::WEB_2009::7": 285,
  "CLUEWEB09::WEB_2009::8": 274,
  "CLUEWEB09::WEB_2009::9": 235,
  "CLUEWEB09::WEB_2010::51": 464,
  "CLUEWEB09::WEB_2010::52": 471,
  "CLUEWEB09::WEB_2010::53": 414,
  "CLUEWEB09::WEB_2010::54": 674,
  "CLUEWEB09::WEB_2010::55": 588,
  "CLUEWEB09::WEB_2010::56": 432,
  "CLUEWEB09::WEB_2010::57": 517,
  "CLUEWEB09::WEB_2010::58": 533,
  "CLUEWEB09::WEB_2010::59": 536,
  "CLUEWEB09::WEB_2010::60": 517,
  "CLUEWEB09::WEB_2010::61": 562,
  "CLUEWEB09::WEB_2010::62": 419,
  "CLUEWEB09::WEB_2010::63": 504,
  "CLUEWEB09::WEB_2010::64": 492,
  "CLUEWEB09::WEB_2010::65": 500,
  "CLUEWEB09::WEB_2010::66": 569,
  "CLUEWEB09::WEB_2010::67": 388,
  "CLUEWEB09::WEB_2010::68": 561,
  "CLUEWEB09::WEB_2010::69": 538,
  "CLUEWEB09::WEB_2010::70": 702,
  "CLUEWEB09::WEB_2010::71": 544,
  "CLUEWEB09::WEB_2010::72": 655,
  "CLUEWEB09::WEB_2010::73": 483,
  "CLUEWEB09::WEB_2010::74": 497,
  "CLUEWEB09::WEB_2010::75": 419,
  "CLUEWEB09::WEB_2010::76": 411,
  "CLUEWEB09::WEB_2010::77": 447,
  "CLUEWEB09::WEB_2010::78": 691,
  "CLUEWEB09::WEB_2010::79": 572,
  "CLUEWEB09::WEB_2010::80": 533,
  "CLUEWEB09::WEB_2010::81": 597,
  "CLUEWEB09::WEB_2010::82": 634,
  "CLUEWEB09::WEB_2010::83": 728,
  "CLUEWEB09::WEB_2010::84": 384,
  "CLUEWEB09::WEB_2010::85": 376,
  "CLUEWEB09::WEB_2010::86": 452,
  "CLUEWEB09::WEB_2010::87": 699,
  "CLUEWEB09::WEB_2010::88": 459,
  "CLUEWEB09::WEB_2010::89": 429,
  "CLUEWEB09::WEB_2010::90": 414,
  "CLUEWEB09::WEB_2010::91": 551,
  "CLUEWEB09::WEB_2010::92": 687,
  "CLUEWEB09::WEB_2010::93": 435,
  "CLUEWEB09::WEB_2010::94": 490,
  "CLUEWEB09::WEB_2010::96": 537,
  "CLUEWEB09::WEB_2010::97": 661,
  "CLUEWEB09::WEB_2010::98": 572,
  "CLUEWEB09::WEB_2010::99": 591,
  "CLUEWEB09::WEB_2011::101": 353,
  "CLUEWEB09::WEB_2011::102": 382,
  "CLUEWEB09::WEB_2011::103": 293,
  "CLUEWEB09::WEB_2011::104": 368,
  "CLUEWEB09::WEB_2011::105": 382,
  "CLUEWEB09::WEB_2011::106": 452,
  "CLUEWEB09::WEB_2011::107": 370,
  "CLUEWEB09::WEB_2011::108": 274,
  "CLUEWEB09::WEB_2011::109": 377,
  "CLUEWEB09::WEB_2011::110": 434,
  "CLUEWEB09::WEB_2011::111": 273,
  "CLUEWEB09::WEB_2011::112": 415,
  "CLUEWEB09::WEB_2011::113": 334,
  "CLUEWEB09::WEB_2011::114": 449,
  "CLUEWEB09::WEB_2011::115": 337,
  "CLUEWEB09::WEB_2011::116": 346,
  "CLUEWEB09::WEB_2011::117": 435,
  "CLUEWEB09::WEB_2011::118": 441,
  "CLUEWEB09::WEB_2011::119": 380,
  "CLUEWEB09::WEB_2011::120": 611,
  "CLUEWEB09::WEB_2011::121": 383,
  "CLUEWEB09::WEB_2011::122": 248,
  "CLUEWEB09::WEB_2011::123": 248,
  "CLUEWEB09::WEB_2011::124": 373,
  "CLUEWEB09::WEB_2011::125": 311,
  "CLUEWEB09::WEB_2011::126": 545,
  "CLUEWEB09::WEB_2011::127": 292,
  "CLUEWEB09::WEB_2011::128": 323,
  "CLUEWEB09::WEB_2011::129": 386,
  "CLUEWEB09::WEB_2011::130": 386,
  "CLUEWEB09::WEB_2011::131": 407,
  "CLUEWEB09::WEB_2011::132": 547,
  "CLUEWEB09::WEB_2011::133": 473,
  "CLUEWEB09::WEB_2011::134": 431,
  "CLUEWEB09::WEB_2011::135": 298,
  "CLUEWEB09::WEB_2011::136": 412,
  "CLUEWEB09::WEB_2011::137": 464,
  "CLUEWEB09::WEB_2011::138": 407,
  "CLUEWEB09::WEB_2011::139": 431,
  "CLUEWEB09::WEB_2011::140": 418,
  "CLUEWEB09::WEB_2011::141": 402,
  "CLUEWEB09::WEB_2011::142": 440,
  "CLUEWEB09::WEB_2011::143": 412,
  "CLUEWEB09::WEB_2011::144": 487,
  "CLUEWEB09::WEB_2011::145": 462,
  "CLUEWEB09::WEB_2011::146": 347,
  "CLUEWEB09::WEB_2011::147": 340,
  "CLUEWEB09::WEB_2011::148": 311,
  "CLUEWEB09::WEB_2011::149": 353,
  "CLUEWEB09::WEB_2011::150": 338,
  "CLUEWEB09::WEB_2012::151": 385,
  "CLUEWEB09::WEB_2012::152": 178,
  "CLUEWEB09::WEB_2012::153": 343,
  "CLUEWEB09::WEB_2012::154": 426,
  "CLUEWEB09::WEB_2012::155": 282,
  "CLUEWEB09::WEB_2012::156": 283,
  "CLUEWEB09::WEB_2012::157": 329,
  "CLUEWEB09::WEB_2012::158": 243,
  "CLUEWEB09::WEB_2012::159": 194,
  "CLUEWEB09::WEB_2012::160": 313,
  "CLUEWEB09::WEB_2012::161": 255,
  "CLUEWEB09::WEB_2012::162": 437,
  "CLUEWEB09::WEB_2012::163": 512,
  "CLUEWEB09::WEB_2012::164": 306,
  "CLUEWEB09::WEB_2012::165": 333,
  "CLUEWEB09::WEB_2012::166": 380,
  "CLUEWEB09::WEB_2012::167": 350,
  "CLUEWEB09::WEB_2012::168": 192,
  "CLUEWEB09::WEB_2012::169": 313,
  "CLUEWEB09::WEB_2012::170": 528,
  "CLUEWEB09::WEB_2012::171": 285,
  "CLUEWEB09::WEB_2012::172": 430,
  "CLUEWEB09::WEB_2012::173": 180,
  "CLUEWEB09::WEB_2012::174": 342,
  "CLUEWEB09::WEB_2012::175": 468,
  "CLUEWEB09::WEB_2012::176": 395,
  "CLUEWEB09::WEB_2012::177": 249,
  "CLUEWEB09::WEB_2012::178": 215,
  "CLUEWEB09::WEB_2012::179": 265,
  "CLUEWEB09::WEB_2012::180": 513,
  "CLUEWEB09::WEB_2012::181": 272,
  "CLUEWEB09::WEB_2012::182": 466,
  "CLUEWEB09::WEB_2012::183": 326,
  "CLUEWEB09::WEB_2012::184": 248,
  "CLUEWEB09::WEB_2012::185": 309,
  "CLUEWEB09::WEB_2012::186": 437,
  "CLUEWEB09::WEB_2012::187": 350,
  "CLUEWEB09::WEB_2012::188": 293,
  "CLUEWEB09::WEB_2012::189": 197,
  "CLUEWEB09::WEB_2012::190": 179,
  "CLUEWEB09::WEB_2012::191": 231,
  "CLUEWEB09::WEB_2012::192": 339,
  "CLUEWEB09::WEB_2012::193": 250,
  "CLUEWEB09::WEB_2012::194": 375,
  "CLUEWEB09::WEB_2012::195": 334,
  "CLUEWEB09::WEB_2012::196": 236,
  "CLUEWEB09::WEB_2012::197": 372,
  "CLUEWEB09::WEB_2012::198": 190,
  "CLUEWEB09::WEB_2012::199": 438,
  "CLUEWEB09::WEB_2012::200": 289,
  "CLUEWEB12::SESSION_2013::11": 352,
  "CLUEWEB12::SESSION_2013::12": 295,
  "CLUEWEB12::SESSION_2013::13": 357,
  "CLUEWEB12::SESSION_2013::14": 305,
  "CLUEWEB12::SESSION_2013::15": 175,
  "CLUEWEB12::SESSION_2013::16": 381,
  "CLUEWEB12::SESSION_2013::17": 405,
  "CLUEWEB12::SESSION_2013::18": 175,
  "CLUEWEB12::SESSION_2013::1": 122,
  "CLUEWEB12::SESSION_2013::21": 276,
  "CLUEWEB12::SESSION_2013::22": 223,
  "CLUEWEB12::SESSION_2013::23": 297,
  "CLUEWEB12::SESSION_2013::24": 301,
  "CLUEWEB12::SESSION_2013::25": 119,
  "CLUEWEB12::SESSION_2013::26": 512,
  "CLUEWEB12::SESSION_2013::28": 425,
  "CLUEWEB12::SESSION_2013::29": 231,
  "CLUEWEB12::SESSION_2013::2": 259,
  "CLUEWEB12::SESSION_2013::30": 254,
  "CLUEWEB12::SESSION_2013::31": 188,
  "CLUEWEB12::SESSION_2013::32": 441,
  "CLUEWEB12::SESSION_2013::33": 173,
  "CLUEWEB12::SESSION_2013::35": 158,
  "CLUEWEB12::SESSION_2013::37": 381,
  "CLUEWEB12::SESSION_2013::38": 230,
  "CLUEWEB12::SESSION_2013::39": 118,
  "CLUEWEB12::SESSION_2013::40": 170,
  "CLUEWEB12::SESSION_2013::41": 114,
  "CLUEWEB12::SESSION_2013::42": 132,
  "CLUEWEB12::SESSION_2013::43": 212,
  "CLUEWEB12::SESSION_2013::45": 444,
  "CLUEWEB12::SESSION_2013::47": 370,
  "CLUEWEB12::SESSION_2013::48": 335,
  "CLUEWEB12::SESSION_2013::49": 242,
  "CLUEWEB12::SESSION_2013::50": 203,
  "CLUEWEB12::SESSION_2013::51": 188,
  "CLUEWEB12::SESSION_2013::52": 296,
  "CLUEWEB12::SESSION_2013::54": 227,
  "CLUEWEB12::SESSION_2013::55": 452,
  "CLUEWEB12::SESSION_2013::58": 189,
  "CLUEWEB12::SESSION_2013::60": 135,
  "CLUEWEB12::SESSION_2013::62": 355,
  "CLUEWEB12::SESSION_2013::63": 114,
  "CLUEWEB12::SESSION_2013::64": 144,
  "CLUEWEB12::SESSION_2013::65": 270,
  "CLUEWEB12::SESSION_2013::67": 136,
  "CLUEWEB12::SESSION_2013::69": 623,
  "CLUEWEB12::SESSION_2013::6": 381,
  "CLUEWEB12::SESSION_2013::8": 247,
  "CLUEWEB12::SESSION_2014::10": 214,
  "CLUEWEB12::SESSION_2014::13": 316,
  "CLUEWEB12::SESSION_2014::14": 191,
  "CLUEWEB12::SESSION_2014::15": 537,
  "CLUEWEB12::SESSION_2014::16": 197,
  "CLUEWEB12::SESSION_2014::17": 455,
  "CLUEWEB12::SESSION_2014::18": 198,
  "CLUEWEB12::SESSION_2014::19": 328,
  "CLUEWEB12::SESSION_2014::20": 185,
  "CLUEWEB12::SESSION_2014::21": 648,
  "CLUEWEB12::SESSION_2014::22": 414,
  "CLUEWEB12::SESSION_2014::23": 215,
  "CLUEWEB12::SESSION_2014::24": 503,
  "CLUEWEB12::SESSION_2014::25": 547,
  "CLUEWEB12::SESSION_2014::26": 383,
  "CLUEWEB12::SESSION_2014::27": 216,
  "CLUEWEB12::SESSION_2014::28": 574,
  "CLUEWEB12::SESSION_2014::29": 221,
  "CLUEWEB12::SESSION_2014::2": 233,
  "CLUEWEB12::SESSION_2014::30": 671,
  "CLUEWEB12::SESSION_2014::31": 173,
  "CLUEWEB12::SESSION_2014::32": 199,
  "CLUEWEB12::SESSION_2014::33": 579,
  "CLUEWEB12::SESSION_2014::34": 160,
  "CLUEWEB12::SESSION_2014::35": 291,
  "CLUEWEB12::SESSION_2014::36": 460,
  "CLUEWEB12::SESSION_2014::37": 136,
  "CLUEWEB12::SESSION_2014::39": 340,
  "CLUEWEB12::SESSION_2014::3": 213,
  "CLUEWEB12::SESSION_2014::40": 453,
  "CLUEWEB12::SESSION_2014::42": 247,
  "CLUEWEB12::SESSION_2014::44": 488,
  "CLUEWEB12::SESSION_2014::46": 408,
  "CLUEWEB12::SESSION_2014::47": 330,
  "CLUEWEB12::SESSION_2014::48": 337,
  "CLUEWEB12::SESSION_2014::4": 234,
  "CLUEWEB12::SESSION_2014::51": 126,
  "CLUEWEB12::SESSION_2014::52": 488,
  "CLUEWEB12::SESSION_2014::53": 696,
  "CLUEWEB12::SESSION_2014::54": 239,
  "CLUEWEB12::SESSION_2014::55": 322,
  "CLUEWEB12::SESSION_2014::56": 337,
  "CLUEWEB12::SESSION_2014::57": 346,
  "CLUEWEB12::SESSION_2014::58": 354,
  "CLUEWEB12::SESSION_2014::59": 192,
  "CLUEWEB12::SESSION_2014::5": 370,
  "CLUEWEB12::SESSION_2014::60": 191,
  "CLUEWEB12::SESSION_2014::6": 208,
  "CLUEWEB12::SESSION_2014::7": 147,
  "CLUEWEB12::SESSION_2014::8": 246,
  "CLUEWEB12::SESSION_2014::9": 393,
  "CLUEWEB12::WEB_2013::201": 322,
  "CLUEWEB12::WEB_2013::202": 231,
  "CLUEWEB12::WEB_2013::203": 384,
  "CLUEWEB12::WEB_2013::204": 323,
  "CLUEWEB12::WEB_2013::205": 354,
  "CLUEWEB12::WEB_2013::206": 420,
  "CLUEWEB12::WEB_2013::207": 232,
  "CLUEWEB12::WEB_2013::208": 249,
  "CLUEWEB12::WEB_2013::209": 185,
  "CLUEWEB12::WEB_2013::210": 336,
  "CLUEWEB12::WEB_2013::211": 423,
  "CLUEWEB12::WEB_2013::212": 435,
  "CLUEWEB12::WEB_2013::213": 201,
  "CLUEWEB12::WEB_2013::214": 305,
  "CLUEWEB12::WEB_2013::215": 367,
  "CLUEWEB12::WEB_2013::216": 387,
  "CLUEWEB12::WEB_2013::217": 326,
  "CLUEWEB12::WEB_2013::218": 341,
  "CLUEWEB12::WEB_2013::219": 513,
  "CLUEWEB12::WEB_2013::220": 473,
  "CLUEWEB12::WEB_2013::221": 368,
  "CLUEWEB12::WEB_2013::222": 175,
  "CLUEWEB12::WEB_2013::223": 265,
  "CLUEWEB12::WEB_2013::224": 351,
  "CLUEWEB12::WEB_2013::225": 487,
  "CLUEWEB12::WEB_2013::226": 404,
  "CLUEWEB12::WEB_2013::227": 246,
  "CLUEWEB12::WEB_2013::228": 157,
  "CLUEWEB12::WEB_2013::229": 160,
  "CLUEWEB12::WEB_2013::230": 172,
  "CLUEWEB12::WEB_2013::231": 171,
  "CLUEWEB12::WEB_2013::232": 292,
  "CLUEWEB12::WEB_2013::233": 391,
  "CLUEWEB12::WEB_2013::234": 298,
  "CLUEWEB12::WEB_2013::235": 185,
  "CLUEWEB12::WEB_2013::236": 175,
  "CLUEWEB12::WEB_2013::237": 161,
  "CLUEWEB12::WEB_2013::238": 169,
  "CLUEWEB12::WEB_2013::239": 249,
  "CLUEWEB12::WEB_2013::240": 396,
  "CLUEWEB12::WEB_2013::241": 285,
  "CLUEWEB12::WEB_2013::242": 202,
  "CLUEWEB12::WEB_2013::243": 342,
  "CLUEWEB12::WEB_2013::244": 174,
  "CLUEWEB12::WEB_2013::245": 145,
  "CLUEWEB12::WEB_2013::246": 202,
  "CLUEWEB12::WEB_2013::247": 421,
  "CLUEWEB12::WEB_2013::248": 194,
  "CLUEWEB12::WEB_2013::249": 223,
  "CLUEWEB12::WEB_2013::250": 207,
  "CLUEWEB12::WEB_2014::251": 274,
  "CLUEWEB12::WEB_2014::252": 286,
  "CLUEWEB12::WEB_2014::253": 214,
  "CLUEWEB12::WEB_2014::254": 245,
  "CLUEWEB12::WEB_2014::255": 404,
  "CLUEWEB12::WEB_2014::256": 287,
  "CLUEWEB12::WEB_2014::257": 212,
  "CLUEWEB12::WEB_2014::258": 261,
  "CLUEWEB12::WEB_2014::259": 247,
  "CLUEWEB12::WEB_2014::260": 328,
  "CLUEWEB12::WEB_2014::261": 281,
  "CLUEWEB12::WEB_2014::262": 324,
  "CLUEWEB12::WEB_2014::263": 324,
  "CLUEWEB12::WEB_2014::264": 312,
  "CLUEWEB12::WEB_2014::265": 233,
  "CLUEWEB12::WEB_2014::266": 351,
  "CLUEWEB12::WEB_2014::267": 238,
  "CLUEWEB12::WEB_2014::268": 331,
  "CLUEWEB12::WEB_2014::269": 316,
  "CLUEWEB12::WEB_2014::270": 250,
  "CLUEWEB12::WEB_2014::271": 266,
  "CLUEWEB12::WEB_2014::272": 367,
  "CLUEWEB12::WEB_2014::273": 245,
  "CLUEWEB12::WEB_2014::274": 316,
  "CLUEWEB12::WEB_2014::275": 222,
  "CLUEWEB12::WEB_2014::276": 319,
  "CLUEWEB12::WEB_2014::277": 281,
  "CLUEWEB12::WEB_2014::278": 229,
  "CLUEWEB12::WEB_2014::279": 285,
  "CLUEWEB12::WEB_2014::280": 401,
  "CLUEWEB12::WEB_2014::281": 225,
  "CLUEWEB12::WEB_2014::282": 334,
  "CLUEWEB12::WEB_2014::283": 220,
  "CLUEWEB12::WEB_2014::284": 277,
  "CLUEWEB12::WEB_2014::285": 284,
  "CLUEWEB12::WEB_2014::286": 320,
  "CLUEWEB12::WEB_2014::287": 175,
  "CLUEWEB12::WEB_2014::288": 259,
  "CLUEWEB12::WEB_2014::289": 395,
  "CLUEWEB12::WEB_2014::290": 259,
  "CLUEWEB12::WEB_2014::291": 225,
  "CLUEWEB12::WEB_2014::292": 369,
  "CLUEWEB12::WEB_2014::293": 378,
  "CLUEWEB12::WEB_2014::294": 423,
  "CLUEWEB12::WEB_2014::295": 215,
  "CLUEWEB12::WEB_2014::296": 250,
  "CLUEWEB12::WEB_2014::297": 228,
  "CLUEWEB12::WEB_2014::298": 249,
  "CLUEWEB12::WEB_2014::299": 241,
  "CLUEWEB12::WEB_2014::300": 457
}