webis people students lecturenotes research publications data events facilities webis.de people students lecturenotes research publications data events facilities information nothing without retrieval webis group addresses challenges information society conducting basic research developing technology implementing evaluating prototypes future information systems our research contributes web mining retrieval machine learning computational linguistics symbolic ai learn more search engines args argument search chatnoir web search netspeak writing assistance picapica plagiarism detection halle home people teaching research leipzig home people teaching research paderborn home people teaching research weimar home people teaching research Â© 2021 webis group contact impressum terms privacy