call resourc paper sigir 2021 skip content main menu home submitmenu toggl call full paper call short paper call resourc paper call demonstr call tutori call workshop propos call doctor consortium paper call perspect paper checklist strengthen ir paper call sirip 2021 industri track attendmenu toggl registr polici against harass programmenu toggl program glanc keynot speaker workshop doctor consortium tutori sirip award social program banquet photo organ sponsorsmenu toggl support sponsor call sigir 2021 sponsorship call resourc paper annual sigir confer major intern forum present new research result demonstr new system techniqu broad field inform retriev ir 44th acm sigir confer held onlin juli 11 15 2021 welcom contribut relat ani aspect inform retriev access includ theori foundat algorithm evalu analysi applic confer program chair invit those work area relat ir submit high impact origin paper review year we have special track resourc paper separ from regular full short paper confer resourc paper chair invit those work area relat ir submit origin resourc paper which present poster confer submiss peer review accept resourc paper publish confer proceed import date time zone anywher earth aoe resourc paper abstract due tue feb 23 2021 resourc paper due tue mar 2 2021 resourc paper notif wed apr 14 2021 what resourc resourc track seek submiss from both academia industri describ resourc avail commun process methodolog build those resourc lesson learn resourc includ restrict test collect inform retriev access task document design protocol evalu task e.g novel task design implement evalu forum label dataset machin learn softwar tool servic inform retriev access softwar tool servic evalu analyz inform retriev access system review criteria author should awar resourc paper track us set review criteria differ from regular full short paper outlin below novelti what new about resourc doe resourc repres increment advanc someth more dramat avail resourc avail review time review discrep between what describ what avail licens term us suffici open allow most academ industri research access resourc resourc data collect from peopl do appropri human subject control board procedur appear have been follow util resourc well document what level expertis do you expect requir make us resourc tutori exampl do resembl actual us toi exampl resourc data appropri tool provid load data resourc data proven sourc preprocess clean aggreg stage clearli document predict impact what ir research activ enabl avail resourc doe resourc advanc well establish research area brand new on do you expect resourc us long time need curat updat latter plan how larg anticip research user commun grow shrink next few year submiss guidelin resourc paper must describ origin work ha been previous publish accept public elsewher simultan submit current under review anoth journal confer submiss resourc research paper must english pdf format most 6 page includ figur length unrestrict space refer current acm two column confer format suitabl latex word overleaf templat avail from acm websit us sigconf proceed templat submiss should submit electron via easychair resourc paper track http easychair.org confer conf sigir2021 least on author each accept paper requir regist present work confer submiss polici resourc paper review process singl blind which mean review awar name affili paper author therefor unlik other paper track sigir 2021 need hide author inform submiss author should carefulli go through acm authorship polici befor submit paper submiss which violat preprint polici length format requir plagiar subject desk reject chair also permit doubl submit content both resourc track other track s sigir 2021 e.g resourc paper build dataset full paper contain construct process dataset experi section support identif review conflict interest full author list must specifi submiss time author should note chang author list after submiss deadlin allow without permiss from pc chair resourc paper chair yiqun liu tsinghua univers p.r.c ian soboroff nist u.s.a contact further inform pleas contact sigir 2021 resourc paper co chair email sigir2021 resourc easychair dot org copyright Â© 2021 special interest group inform retriev scroll top