touché clef overview task 1 task 2 program organ webis.d overview task 1 task 2 program organ webis.d event touché 2021 overview touché clef argument retriev synopsi call share task import date synopsi call decis make process be it at the societ or at the person level often come to a point where on side challeng the other with a why question which is a prompt to justifi some stanc base on argument sinc technolog for argument mine ar matur at a rapid pace also ad hoc argument retriev becom a feasibl task in reach we invit you to particip in the second touché lab on argument retriev at clef 2021 featur two task detail on the touché 2020 edit can be found in the overview paper or on last year lab web page share task task 1 argument retriev for controversi question task 2 argument retriev for compar question to regist for the share task click on registr import date novemb 16 2020 registr open april 30 2021 registr close mai 1 2021 approach submiss deadlin mai 28 2021 particip paper submiss templat june 2021 evalu result out june 11 2021 peer review notif juli 2 2021 camera readi particip paper submiss septemb 21 24 2021 confer all deadlin ar 23 59 cest © 2021 webi group contact impressum term privaci