webi peopl for student lecturenot research public data event facil webis.d peopl for student lecturenot research public data event facil inform is noth without retriev the webi group address challeng of the inform societi by conduct basic research develop technolog and implement and evalu prototyp for futur inform system our research contribut to web mine and retriev machin learn comput linguist and symbol ai learn more search engin arg argument search chatnoir web search netspeak write assist picapica plagiar detect hall home peopl teach research leipzig home peopl teach research paderborn home peopl teach research weimar home peopl teach research Â© 2021 webi group contact impressum term privaci