webi peopl student lecturenot research public data event facil webis.d peopl student lecturenot research public data event facil inform noth without retriev webi group address challeng inform societi conduct basic research develop technolog implement evalu prototyp futur inform system our research contribut web mine retriev machin learn comput linguist symbol ai learn more search engin arg argument search chatnoir web search netspeak write assist picapica plagiar detect hall home peopl teach research leipzig home peopl teach research paderborn home peopl teach research weimar home peopl teach research Â© 2021 webi group contact impressum term privaci