important dates synopsis call decision making processes be it at the societal or at the personal level often come to a point where one side challenges the other with a why question which is a prompt to justify some stance based on arguments since technologies for argument mining are maturing at a rapid pace also ad hoc argument retrieval becomes a feasible task in reach we invite you to participate in the second touché lab on argument retrieval at clef 2021 featuring two tasks details on the touché 2020 edition can be found in the overview paper or on last year lab web page shared tasks