[
    "clueweb09-en0006-84-32970",
    "clueweb09-enwp03-03-17640"
]
