[
    "/mnt/ceph/storage/data-in-progress/trec-system-runs/trec21/web.adhoc/input.2012bpacad4.gz",
    "/mnt/ceph/storage/data-in-progress/trec-system-runs/trec21/web.adhoc/input.2012bpacad4h.gz",
    "/mnt/ceph/storage/data-in-progress/trec-system-runs/trec21/web.adhoc/input.2012bpacad8.gz",
    "/mnt/ceph/storage/data-in-progress/trec-system-runs/trec21/web.adhoc/input.DFalah120A.gz",
    "/mnt/ceph/storage/data-in-progress/trec-system-runs/trec21/web.adhoc/input.DFalah121A.gz",
    "/mnt/ceph/storage/data-in-progress/trec-system-runs/trec21/web.adhoc/input.DMthbCatASP.gz",
    "/mnt/ceph/storage/data-in-progress/trec-system-runs/trec21/web.adhoc/input.DMthbCatB.gz",
    "/mnt/ceph/storage/data-in-progress/trec-system-runs/trec21/web.adhoc/input.ICTNET12ADR1.gz",
    "/mnt/ceph/storage/data-in-progress/trec-system-runs/trec21/web.adhoc/input.ICTNET12ADR2.gz",
    "/mnt/ceph/storage/data-in-progress/trec-system-runs/trec21/web.adhoc/input.ICTNET12ADR3.gz",
    "/mnt/ceph/storage/data-in-progress/trec-system-runs/trec21/web.adhoc/input.QUTparaBline.gz",
    "/mnt/ceph/storage/data-in-progress/trec-system-runs/trec21/web.adhoc/input.QUTparaTQEg1.gz",
    "/mnt/ceph/storage/data-in-progress/trec-system-runs/trec21/web.adhoc/input.autoSTB.gz",
    "/mnt/ceph/storage/data-in-progress/trec-system-runs/trec21/web.adhoc/input.combMNZCatB.gz",
    "/mnt/ceph/storage/data-in-progress/trec-system-runs/trec21/web.adhoc/input.irra12a.gz",
    "/mnt/ceph/storage/data-in-progress/trec-system-runs/trec21/web.adhoc/input.irra12b.gz",
    "/mnt/ceph/storage/data-in-progress/trec-system-runs/trec21/web.adhoc/input.irra12c.gz",
    "/mnt/ceph/storage/data-in-progress/trec-system-runs/trec21/web.adhoc/input.lcm4res.gz",
    "/mnt/ceph/storage/data-in-progress/trec-system-runs/trec21/web.adhoc/input.lcmweb.gz",
    "/mnt/ceph/storage/data-in-progress/trec-system-runs/trec21/web.adhoc/input.lcmweb10p.gz",
    "/mnt/ceph/storage/data-in-progress/trec-system-runs/trec21/web.adhoc/input.lcmwebnoW.gz",
    "/mnt/ceph/storage/data-in-progress/trec-system-runs/trec21/web.adhoc/input.qutwa.gz",
    "/mnt/ceph/storage/data-in-progress/trec-system-runs/trec21/web.adhoc/input.qutwb.gz",
    "/mnt/ceph/storage/data-in-progress/trec-system-runs/trec21/web.adhoc/input.srchvrs12c09.gz",
    "/mnt/ceph/storage/data-in-progress/trec-system-runs/trec21/web.adhoc/input.uogTrA44s9.gz",
    "/mnt/ceph/storage/data-in-progress/trec-system-runs/trec21/web.adhoc/input.uogTrA44xi.gz",
    "/mnt/ceph/storage/data-in-progress/trec-system-runs/trec21/web.adhoc/input.uogTrA44xl.gz",
    "/mnt/ceph/storage/data-in-progress/trec-system-runs/trec21/web.adhoc/input.uogTrB45aIs.gz",
    "/mnt/ceph/storage/data-in-progress/trec-system-runs/trec21/web.adhoc/input.utw2012c2.gz",
    "/mnt/ceph/storage/data-in-progress/trec-system-runs/trec21/web.adhoc/input.utw2012fc1.gz",
    "/mnt/ceph/storage/data-in-progress/trec-system-runs/trec21/web.adhoc/input.utw2012lda.gz",
    "/mnt/ceph/storage/data-in-progress/trec-system-runs/trec21/web.adhoc/input.utw2012lm09.gz"
]
