[
    "/mnt/ceph/storage/data-in-progress/trec-system-runs/trec19/web.adhoc/input.DFalah2010.gz",
    "/mnt/ceph/storage/data-in-progress/trec-system-runs/trec19/web.adhoc/input.ICTNETAD10R1.gz",
    "/mnt/ceph/storage/data-in-progress/trec-system-runs/trec19/web.adhoc/input.ICTNETAD10R2.gz",
    "/mnt/ceph/storage/data-in-progress/trec-system-runs/trec19/web.adhoc/input.ICTNETAD10R3.gz",
    "/mnt/ceph/storage/data-in-progress/trec-system-runs/trec19/web.adhoc/input.IvoryBM25a.gz",
    "/mnt/ceph/storage/data-in-progress/trec-system-runs/trec19/web.adhoc/input.IvoryL2Rb.gz",
    "/mnt/ceph/storage/data-in-progress/trec-system-runs/trec19/web.adhoc/input.IvoryLCEb.gz",
    "/mnt/ceph/storage/data-in-progress/trec-system-runs/trec19/web.adhoc/input.IvorySDa.gz",
    "/mnt/ceph/storage/data-in-progress/trec-system-runs/trec19/web.adhoc/input.IvoryWSDa.gz",
    "/mnt/ceph/storage/data-in-progress/trec-system-runs/trec19/web.adhoc/input.IvoryWSDb.gz",
    "/mnt/ceph/storage/data-in-progress/trec-system-runs/trec19/web.adhoc/input.MF1.gz",
    "/mnt/ceph/storage/data-in-progress/trec-system-runs/trec19/web.adhoc/input.MF2.gz",
    "/mnt/ceph/storage/data-in-progress/trec-system-runs/trec19/web.adhoc/input.MMCITLCLl20M.gz",
    "/mnt/ceph/storage/data-in-progress/trec-system-runs/trec19/web.adhoc/input.MMCITLl20M.gz",
    "/mnt/ceph/storage/data-in-progress/trec-system-runs/trec19/web.adhoc/input.MMCIl410m1.gz",
    "/mnt/ceph/storage/data-in-progress/trec-system-runs/trec19/web.adhoc/input.THUIR10Qa.gz",
    "/mnt/ceph/storage/data-in-progress/trec-system-runs/trec19/web.adhoc/input.THUIR10QaHt.gz",
    "/mnt/ceph/storage/data-in-progress/trec-system-runs/trec19/web.adhoc/input.THUIR10Str.gz",
    "/mnt/ceph/storage/data-in-progress/trec-system-runs/trec19/web.adhoc/input.UAMSA10d2a8.gz",
    "/mnt/ceph/storage/data-in-progress/trec-system-runs/trec19/web.adhoc/input.UAMSA10mSF30.gz",
    "/mnt/ceph/storage/data-in-progress/trec-system-runs/trec19/web.adhoc/input.UAMSA10mSFPR.gz",
    "/mnt/ceph/storage/data-in-progress/trec-system-runs/trec19/web.adhoc/input.UCDSIFTMAP.gz",
    "/mnt/ceph/storage/data-in-progress/trec-system-runs/trec19/web.adhoc/input.UCDSIFTProb.gz",
    "/mnt/ceph/storage/data-in-progress/trec-system-runs/trec19/web.adhoc/input.UCDSIFTSlide.gz",
    "/mnt/ceph/storage/data-in-progress/trec-system-runs/trec19/web.adhoc/input.UMa10BASF.gz",
    "/mnt/ceph/storage/data-in-progress/trec-system-runs/trec19/web.adhoc/input.UMa10BSF.gz",
    "/mnt/ceph/storage/data-in-progress/trec-system-runs/trec19/web.adhoc/input.UMa10IASF.gz",
    "/mnt/ceph/storage/data-in-progress/trec-system-runs/trec19/web.adhoc/input.blv79y00prob.gz",
    "/mnt/ceph/storage/data-in-progress/trec-system-runs/trec19/web.adhoc/input.blv79y00shnk.gz",
    "/mnt/ceph/storage/data-in-progress/trec-system-runs/trec19/web.adhoc/input.cmuBase10.gz",
    "/mnt/ceph/storage/data-in-progress/trec-system-runs/trec19/web.adhoc/input.cmuFuTop10.gz",
    "/mnt/ceph/storage/data-in-progress/trec-system-runs/trec19/web.adhoc/input.cmuWiki10.gz",
    "/mnt/ceph/storage/data-in-progress/trec-system-runs/trec19/web.adhoc/input.irra10b.gz",
    "/mnt/ceph/storage/data-in-progress/trec-system-runs/trec19/web.adhoc/input.irra10hp.gz",
    "/mnt/ceph/storage/data-in-progress/trec-system-runs/trec19/web.adhoc/input.irra10rob.gz",
    "/mnt/ceph/storage/data-in-progress/trec-system-runs/trec19/web.adhoc/input.msrsv1.gz",
    "/mnt/ceph/storage/data-in-progress/trec-system-runs/trec19/web.adhoc/input.msrsv2.gz",
    "/mnt/ceph/storage/data-in-progress/trec-system-runs/trec19/web.adhoc/input.msrsv3.gz",
    "/mnt/ceph/storage/data-in-progress/trec-system-runs/trec19/web.adhoc/input.pkusewm1.gz",
    "/mnt/ceph/storage/data-in-progress/trec-system-runs/trec19/web.adhoc/input.sztaki1.gz",
    "/mnt/ceph/storage/data-in-progress/trec-system-runs/trec19/web.adhoc/input.udelIndriB.gz",
    "/mnt/ceph/storage/data-in-progress/trec-system-runs/trec19/web.adhoc/input.udelIndriB2.gz",
    "/mnt/ceph/storage/data-in-progress/trec-system-runs/trec19/web.adhoc/input.udelIndriWP.gz",
    "/mnt/ceph/storage/data-in-progress/trec-system-runs/trec19/web.adhoc/input.umassSDM.gz",
    "/mnt/ceph/storage/data-in-progress/trec-system-runs/trec19/web.adhoc/input.umassSDMW.gz",
    "/mnt/ceph/storage/data-in-progress/trec-system-runs/trec19/web.adhoc/input.umasswfb520.gz",
    "/mnt/ceph/storage/data-in-progress/trec-system-runs/trec19/web.adhoc/input.uogTrA40n.gz",
    "/mnt/ceph/storage/data-in-progress/trec-system-runs/trec19/web.adhoc/input.uogTrA42.gz",
    "/mnt/ceph/storage/data-in-progress/trec-system-runs/trec19/web.adhoc/input.uogTrB67.gz",
    "/mnt/ceph/storage/data-in-progress/trec-system-runs/trec19/web.adhoc/input.uogTrB67LTS.gz",
    "/mnt/ceph/storage/data-in-progress/trec-system-runs/trec19/web.adhoc/input.utwente3.gz",
    "/mnt/ceph/storage/data-in-progress/trec-system-runs/trec19/web.adhoc/input.utwente4.gz",
    "/mnt/ceph/storage/data-in-progress/trec-system-runs/trec19/web.adhoc/input.utwente4SF.gz",
    "/mnt/ceph/storage/data-in-progress/trec-system-runs/trec19/web.adhoc/input.york10wA1.gz",
    "/mnt/ceph/storage/data-in-progress/trec-system-runs/trec19/web.adhoc/input.york10wA2.gz",
    "/mnt/ceph/storage/data-in-progress/trec-system-runs/trec19/web.adhoc/input.york10wA3.gz"
]
