[
    "/mnt/ceph/storage/data-in-progress/trec-system-runs/trec18/web.adhoc/input.ICTNETADRun3.gz",
    "/mnt/ceph/storage/data-in-progress/trec-system-runs/trec18/web.adhoc/input.ICTNETADRun4.gz",
    "/mnt/ceph/storage/data-in-progress/trec-system-runs/trec18/web.adhoc/input.ICTNETADRun5.gz",
    "/mnt/ceph/storage/data-in-progress/trec-system-runs/trec18/web.adhoc/input.IE09.gz",
    "/mnt/ceph/storage/data-in-progress/trec-system-runs/trec18/web.adhoc/input.MS1.gz",
    "/mnt/ceph/storage/data-in-progress/trec-system-runs/trec18/web.adhoc/input.MS2.gz",
    "/mnt/ceph/storage/data-in-progress/trec-system-runs/trec18/web.adhoc/input.MSRAAF.gz",
    "/mnt/ceph/storage/data-in-progress/trec-system-runs/trec18/web.adhoc/input.MSRAC.gz",
    "/mnt/ceph/storage/data-in-progress/trec-system-runs/trec18/web.adhoc/input.MSRANORM.gz",
    "/mnt/ceph/storage/data-in-progress/trec-system-runs/trec18/web.adhoc/input.NeuLMWeb300.gz",
    "/mnt/ceph/storage/data-in-progress/trec-system-runs/trec18/web.adhoc/input.NeuLMWeb600.gz",
    "/mnt/ceph/storage/data-in-progress/trec-system-runs/trec18/web.adhoc/input.NeuLMWebBase.gz",
    "/mnt/ceph/storage/data-in-progress/trec-system-runs/trec18/web.adhoc/input.RmitLm.gz",
    "/mnt/ceph/storage/data-in-progress/trec-system-runs/trec18/web.adhoc/input.RmitOkapi.gz",
    "/mnt/ceph/storage/data-in-progress/trec-system-runs/trec18/web.adhoc/input.SIEL09.gz",
    "/mnt/ceph/storage/data-in-progress/trec-system-runs/trec18/web.adhoc/input.Sab9wtBase.gz",
    "/mnt/ceph/storage/data-in-progress/trec-system-runs/trec18/web.adhoc/input.Sab9wtBf1.gz",
    "/mnt/ceph/storage/data-in-progress/trec-system-runs/trec18/web.adhoc/input.Sab9wtBf2.gz",
    "/mnt/ceph/storage/data-in-progress/trec-system-runs/trec18/web.adhoc/input.THUIR09An.gz",
    "/mnt/ceph/storage/data-in-progress/trec-system-runs/trec18/web.adhoc/input.THUIR09LuTA.gz",
    "/mnt/ceph/storage/data-in-progress/trec-system-runs/trec18/web.adhoc/input.THUIR09TxAn.gz",
    "/mnt/ceph/storage/data-in-progress/trec-system-runs/trec18/web.adhoc/input.UCDSIFTinter.gz",
    "/mnt/ceph/storage/data-in-progress/trec-system-runs/trec18/web.adhoc/input.UCDSIFTprob.gz",
    "/mnt/ceph/storage/data-in-progress/trec-system-runs/trec18/web.adhoc/input.UCDSIFTslide.gz",
    "/mnt/ceph/storage/data-in-progress/trec-system-runs/trec18/web.adhoc/input.UDWAxBL.gz",
    "/mnt/ceph/storage/data-in-progress/trec-system-runs/trec18/web.adhoc/input.UDWAxQE.gz",
    "/mnt/ceph/storage/data-in-progress/trec-system-runs/trec18/web.adhoc/input.UDWAxQEWeb.gz",
    "/mnt/ceph/storage/data-in-progress/trec-system-runs/trec18/web.adhoc/input.UMHOObm25B.gz",
    "/mnt/ceph/storage/data-in-progress/trec-system-runs/trec18/web.adhoc/input.UMHOObm25GS.gz",
    "/mnt/ceph/storage/data-in-progress/trec-system-runs/trec18/web.adhoc/input.UMHOObm25IF.gz",
    "/mnt/ceph/storage/data-in-progress/trec-system-runs/trec18/web.adhoc/input.UMHOOqlB.gz",
    "/mnt/ceph/storage/data-in-progress/trec-system-runs/trec18/web.adhoc/input.UMHOOqlGS.gz",
    "/mnt/ceph/storage/data-in-progress/trec-system-runs/trec18/web.adhoc/input.UMHOOqlIF.gz",
    "/mnt/ceph/storage/data-in-progress/trec-system-runs/trec18/web.adhoc/input.UMHOOsd.gz",
    "/mnt/ceph/storage/data-in-progress/trec-system-runs/trec18/web.adhoc/input.UMHOOsdp.gz",
    "/mnt/ceph/storage/data-in-progress/trec-system-runs/trec18/web.adhoc/input.UamsAw7an3.gz",
    "/mnt/ceph/storage/data-in-progress/trec-system-runs/trec18/web.adhoc/input.UamsAwebQE10.gz",
    "/mnt/ceph/storage/data-in-progress/trec-system-runs/trec18/web.adhoc/input.WatSdmrm3.gz",
    "/mnt/ceph/storage/data-in-progress/trec-system-runs/trec18/web.adhoc/input.WatSdmrm3we.gz",
    "/mnt/ceph/storage/data-in-progress/trec-system-runs/trec18/web.adhoc/input.WatSql.gz",
    "/mnt/ceph/storage/data-in-progress/trec-system-runs/trec18/web.adhoc/input.arsc09web.gz",
    "/mnt/ceph/storage/data-in-progress/trec-system-runs/trec18/web.adhoc/input.irra1a.gz",
    "/mnt/ceph/storage/data-in-progress/trec-system-runs/trec18/web.adhoc/input.irra2a.gz",
    "/mnt/ceph/storage/data-in-progress/trec-system-runs/trec18/web.adhoc/input.irra3a.gz",
    "/mnt/ceph/storage/data-in-progress/trec-system-runs/trec18/web.adhoc/input.muadanchor.gz",
    "/mnt/ceph/storage/data-in-progress/trec-system-runs/trec18/web.adhoc/input.muadibm5.gz",
    "/mnt/ceph/storage/data-in-progress/trec-system-runs/trec18/web.adhoc/input.muadimp.gz",
    "/mnt/ceph/storage/data-in-progress/trec-system-runs/trec18/web.adhoc/input.pkuLink.gz",
    "/mnt/ceph/storage/data-in-progress/trec-system-runs/trec18/web.adhoc/input.pkuSewmTp.gz",
    "/mnt/ceph/storage/data-in-progress/trec-system-runs/trec18/web.adhoc/input.pkuStruct.gz",
    "/mnt/ceph/storage/data-in-progress/trec-system-runs/trec18/web.adhoc/input.scutrun1.gz",
    "/mnt/ceph/storage/data-in-progress/trec-system-runs/trec18/web.adhoc/input.scutrun2.gz",
    "/mnt/ceph/storage/data-in-progress/trec-system-runs/trec18/web.adhoc/input.scutrun3.gz",
    "/mnt/ceph/storage/data-in-progress/trec-system-runs/trec18/web.adhoc/input.twCSrs9N.gz",
    "/mnt/ceph/storage/data-in-progress/trec-system-runs/trec18/web.adhoc/input.twCSrsR.gz",
    "/mnt/ceph/storage/data-in-progress/trec-system-runs/trec18/web.adhoc/input.twJ48rsU.gz",
    "/mnt/ceph/storage/data-in-progress/trec-system-runs/trec18/web.adhoc/input.udelIndDMRM.gz",
    "/mnt/ceph/storage/data-in-progress/trec-system-runs/trec18/web.adhoc/input.udelIndDRPR.gz",
    "/mnt/ceph/storage/data-in-progress/trec-system-runs/trec18/web.adhoc/input.udelIndDRSP.gz",
    "/mnt/ceph/storage/data-in-progress/trec-system-runs/trec18/web.adhoc/input.uogTrdphA.gz",
    "/mnt/ceph/storage/data-in-progress/trec-system-runs/trec18/web.adhoc/input.uogTrdphCEwP.gz",
    "/mnt/ceph/storage/data-in-progress/trec-system-runs/trec18/web.adhoc/input.uogTrdphP.gz",
    "/mnt/ceph/storage/data-in-progress/trec-system-runs/trec18/web.adhoc/input.uvaee.gz",
    "/mnt/ceph/storage/data-in-progress/trec-system-runs/trec18/web.adhoc/input.uvamrf.gz",
    "/mnt/ceph/storage/data-in-progress/trec-system-runs/trec18/web.adhoc/input.uvamrftop.gz",
    "/mnt/ceph/storage/data-in-progress/trec-system-runs/trec18/web.adhoc/input.watprf.gz",
    "/mnt/ceph/storage/data-in-progress/trec-system-runs/trec18/web.adhoc/input.watrrfw.gz",
    "/mnt/ceph/storage/data-in-progress/trec-system-runs/trec18/web.adhoc/input.watwp.gz",
    "/mnt/ceph/storage/data-in-progress/trec-system-runs/trec18/web.adhoc/input.yhooumd09BFM.gz",
    "/mnt/ceph/storage/data-in-progress/trec-system-runs/trec18/web.adhoc/input.yhooumd09BGC.gz",
    "/mnt/ceph/storage/data-in-progress/trec-system-runs/trec18/web.adhoc/input.yhooumd09BGM.gz"
]
