[
    "/mnt/ceph/storage/data-in-progress/trec-system-runs/trec23/web.adhoc/input.CiirAll1.gz",
    "/mnt/ceph/storage/data-in-progress/trec-system-runs/trec23/web.adhoc/input.CiirSdm.gz",
    "/mnt/ceph/storage/data-in-progress/trec-system-runs/trec23/web.adhoc/input.CiirSub1.gz",
    "/mnt/ceph/storage/data-in-progress/trec-system-runs/trec23/web.adhoc/input.CiirSub2.gz",
    "/mnt/ceph/storage/data-in-progress/trec-system-runs/trec23/web.adhoc/input.CiirWikiRm.gz",
    "/mnt/ceph/storage/data-in-progress/trec-system-runs/trec23/web.adhoc/input.ICTNET14ADR1.gz",
    "/mnt/ceph/storage/data-in-progress/trec-system-runs/trec23/web.adhoc/input.ICTNET14ADR2.gz",
    "/mnt/ceph/storage/data-in-progress/trec-system-runs/trec23/web.adhoc/input.ICTNET14ADR3.gz",
    "/mnt/ceph/storage/data-in-progress/trec-system-runs/trec23/web.adhoc/input.Protoss.gz",
    "/mnt/ceph/storage/data-in-progress/trec-system-runs/trec23/web.adhoc/input.SNUMedinfo11.gz",
    "/mnt/ceph/storage/data-in-progress/trec-system-runs/trec23/web.adhoc/input.SNUMedinfo12.gz",
    "/mnt/ceph/storage/data-in-progress/trec-system-runs/trec23/web.adhoc/input.SNUMedinfo13.gz",
    "/mnt/ceph/storage/data-in-progress/trec-system-runs/trec23/web.adhoc/input.Terran.gz",
    "/mnt/ceph/storage/data-in-progress/trec-system-runs/trec23/web.adhoc/input.UDInfoWebAX.gz",
    "/mnt/ceph/storage/data-in-progress/trec-system-runs/trec23/web.adhoc/input.UDInfoWebENT.gz",
    "/mnt/ceph/storage/data-in-progress/trec-system-runs/trec23/web.adhoc/input.UDInfoWebLES.gz",
    "/mnt/ceph/storage/data-in-progress/trec-system-runs/trec23/web.adhoc/input.Zerg.gz",
    "/mnt/ceph/storage/data-in-progress/trec-system-runs/trec23/web.adhoc/input.udel_itu.gz",
    "/mnt/ceph/storage/data-in-progress/trec-system-runs/trec23/web.adhoc/input.udel_itub.gz",
    "/mnt/ceph/storage/data-in-progress/trec-system-runs/trec23/web.adhoc/input.uogTrDuax.gz",
    "/mnt/ceph/storage/data-in-progress/trec-system-runs/trec23/web.adhoc/input.uogTrDwl.gz",
    "/mnt/ceph/storage/data-in-progress/trec-system-runs/trec23/web.adhoc/input.uogTrIwa.gz",
    "/mnt/ceph/storage/data-in-progress/trec-system-runs/trec23/web.adhoc/input.utbase.gz",
    "/mnt/ceph/storage/data-in-progress/trec-system-runs/trec23/web.adhoc/input.utexact.gz",
    "/mnt/ceph/storage/data-in-progress/trec-system-runs/trec23/web.adhoc/input.webisWt14axAll.gz",
    "/mnt/ceph/storage/data-in-progress/trec-system-runs/trec23/web.adhoc/input.webisWt14axMax.gz",
    "/mnt/ceph/storage/data-in-progress/trec-system-runs/trec23/web.adhoc/input.webisWt14axSyn.gz",
    "/mnt/ceph/storage/data-in-progress/trec-system-runs/trec23/web.adhoc/input.wistud.runA.gz",
    "/mnt/ceph/storage/data-in-progress/trec-system-runs/trec23/web.adhoc/input.wistud.runB.gz",
    "/mnt/ceph/storage/data-in-progress/trec-system-runs/trec23/web.adhoc/input.wistud.runC.gz"
]
