[
  "NOT-AVAILABLE",
  "http://cineciudad.com/pelicula/index/502",
  "http://www.kurdistancp.org/biri%20nwe/38/Arebi/220%20-%20227.pdf",
  "http://www.allosurf.net/spots-kitesurf-en-france.html",
  "http://aksharmetal.com/cable-fittings-acceassories/wiping-gland.html",
  "http://blog.bostonteacampaign.com/tag/second-flush/",
  "http://stjohnspassaic.org/newsletter-031208_004.htm",
  "http://hemslojden.leksand.org/hemslojden_gammal/uk/index.html",
  "http://vacuumcleanercenter.com/miele/miele_s4210_antares.html",
  "http://forums.lounge0101.com/archive/index.php/f-9.html",
  "http://bancroft.berkeley.edu/Exhibits/nativeamericans/20.html",
  "http://kentuckytherapist.com/html/couples.html",
  "http://www.aiken-explorer.com/ad-aiken-foxhounds.htm",
  "http://www.australiancu.com/",
  "http://www.gs-lechtingen.wallenhorst.org/",
  "http://thebirdinsight.com/forum/",
  "http://nimiedades.inocuo.net/post/27764715",
  "http://vod.mk2.com/rss/rss.php",
  "http://www.ajcampanet.net/wms/ofo/imgdb//archivo_doc16582497.pdf",
  "http://www.kinnairdbagpipes.com/contact.php",
  "http://ejohn.org/projects/flexible-javascript-events/",
  "http://www.sfyoga.com/workshops/index.html",
  "http://pangaea.org/street_children/orgs/orgs4.htm",
  "http://www.bmwusfactory.com/build/zentrum.asp",
  "http://shop.independent-store.com/page/shop/browse/keyword/uhren",
  "http://www.analogx.com/contents/archives/2002/news1202.htm",
  "http://www.clinicpro.com/npi.htm",
  "http://www.restministries.org/HK_mag/07_08_2004/strength.htm",
  "http://www.tampascene.com/tampascene/travel/tampahotels.html",
  "http://blog.bible.org/primetimejesus/category/tags/n.-t.-wright",
  "http://brcperformance.com/about.htm",
  "http://polisci.lsa.umich.edu/studentsResources.html",
  "http://www.airclubvila.com/index.html",
  "http://ancroofing.com/dictionary.htm",
  "http://saule.shop.wosbee.com/PublishedService",
  "http://soft.arabdl.com/download830.html",
  "http://www.ahmedhakeem.com/elizabeth-banks.html",
  "http://www.aferry.co.uk/timetable/TroonLarnePOIrishSeaFerriesuk.htm",
  "http://jobonga.com/diet_guide.htm",
  "http://www.stpmo.com/telemarking.htm",
  "http://www.barrettalexander.com/",
  "http://www.babysstory.com/baby/html/how_to_feed_a_baby.htm",
  "http://www.northridgewebsolutions.com/faqs.html",
  "http://www.crewnorthernvirginia.org/directors.htm",
  "http://www.dfwifma.org/sponsor.htm",
  "http://www.cardinalkungfoundation.org/projects/index.htm",
  "http://flash4layouts.com/special-offer.php",
  "http://www.ntk.org/utenlandsnytt_08.htm",
  "http://www.dynarch.com/fhv/dfr/qh/gllogrkh.qhh",
  "http://www.librarysmart.com/working/LSPublic/pop_radio.asp",
  "http://www.drjanson.com/djhl-html/2007/news-2007-05.htm",
  "http://www.nfocustechnologies.com/site_map.asp",
  "http://awake.seranates.com/mar/Faith-is-the-victory.htm",
  "http://www.countrydays.org/pdfs/ParadeAp2007.pdf",
  "http://redkalki.libreopinion.com/noticias/2002/11/biondini_editorial.htm",
  "http://www.donnasholidaysentiments.com/christmas.html",
  "http://www.milehighgliding.com/colorado/statistics.htm",
  "http://dannsmarketing.com/glossary.htm",
  "http://www.destockdeal.com/achat/produit_Chemin?e-Bio-?thanol-Copenhague_1041.html",
  "http://www.splashmulti.shoppingcartsplus.com/page/page/4416693.htm",
  "http://www.cabinplant.com/products_solutions/select_a_processmachine/sorting/horizontal_roller_grader/",
  "http://www.leclols.com/_private/fr/accom.htm",
  "http://www.china-toy-factory.com/minirchelicoptershx269.htm",
  "http://www.rentspain4u.com/",
  "http://bbs.shejis.com/forum-112-1.html",
  "http://www.achat-lyon.com/pro8460-BX-3-COMPATIBLE.htm",
  "http://woodpens.com/gift_certificates.htm",
  "http://www.mcpherson.edu/about/mission.asp",
  "http://pinoystyle.net/flash/002/010.html",
  "http://pub2.bravenet.com/forum/92199170/fetch/713217/",
  "http://www.bonaventuraexpress.com/",
  "http://www.teakatrucks.com/",
  "http://www.sentel.com/about/seaport/seaport_index.html",
  "http://www.dogsinaction.info/community.shtml",
  "http://www.rapisarda.com/",
  "http://www.africatravelmart.com/html/education.html",
  "http://www.adultlearn.com/visual-communications.htm",
  "http://www.ridgwayoutfitters.com/news/031407.html",
  "http://www.advancedmsinc.com/prod_catalog.htm",
  "http://itv.missionseed.net/ccm/spanish/index.html",
  "http://www.clanlesliesociety.org/submitted.html",
  "http://www.birman.org/~shenji/shenjilinks.html",
  "http://www.marcheholidayhomes.co.uk/pages/link-page.htm",
  "http://www.rochfordsupply.com/product_listing.asp_Q_CatID_E_419_A_SubCatID_E_536",
  "http://www.aldomedia.com/san-antonio-web-site-design.htm",
  "http://angelsfirststop.com/index.html",
  "http://www.canpar.com/",
  "http://www.copperstatemustangclub.com/mirror/apr07.pdf",
  "http://www.metaphysical-concepts.com/authorsG.htm",
  "http://entowww.tamu.edu/links/commercial.cfm",
  "http://www.thesouthernyankee.com/catalog_webkinz_clothes.htm",
  "http://www.communicationfromtheheart.com/1_class_description.htm",
  "http://www.cotignacimmobilier.com/",
  "http://www.rosamarhotels.com/",
  "http://www.5starshare.com/popular/iphone.html",
  "http://www.savepasargad.com/Nowrooz1387/sansour%20khabari_Nowrooz.htm",
  "http://www.brookhavenchoral.org/",
  "http://demstuff.com/mcart/index.cgi",
  "http://mtv.50004.com/mtv/5577_1.htm",
  "http://www.diecastmusclecars.com/grex4.htm",
  "http://www.manitowoc.org/parkandrec/Soccer/Schedules_and_Forms/Indoor_Soccer_League_Rules.pdf",
  "http://www.attention-to-details.com/searchengine-placement-optimization.asp",
  "http://www.apartmentconnextion.com/ecm/p-ecm/ecm-farwest-1.htm",
  "http://www.999dine.com/nm/martinigrille/",
  "http://amr.nextstudio.net/html/page_notes.html",
  "http://crossword.info/sample/wordsearch",
  "http://www.bemidjistate.edu/academics/schedule/",
  "http://www.admissionsconsultants.com/lawschool/links.asp",
  "http://www.rpbridge.net/7a49.htm",
  "http://www.betteragency.com/photography.html",
  "http://www.sekkenweb.com/",
  "http://www.serif.net/",
  "http://www.malahideunited.com/seniors_womens.htm",
  "http://www.sofradef.com/localiser.php",
  "http://www.bunclodyns.com/pages/calendar.htm",
  "http://brandonschool.org/content/content_7_4.php",
  "http://www.stokesbirdsathome.com/shop/sh04list/sh0403.html",
  "http://www.tcvs.com/series2000.html",
  "http://www.biminformatica.com/Manteniment.aspx",
  "http://www.broadbent.org/broadbent/menu.htm",
  "http://www.aecdaily.com/en/1585910",
  "http://www.173rdairborne.net/1strar.htm",
  "http://www.chablais-concept.com/liens.htm",
  "http://www.bryncoed.co.uk/francais.html",
  "http://www.rvsingles.org/Front_Page.htm",
  "http://www.lorenzodalco.com/h2o.htm",
  "http://www.cfswords.com/",
  "http://visionarymarketing.com/blagues.html",
  "http://www.towersalmanac.com/need_to_know/opening_dates.php",
  "http://www.salvageparts.biz/International.aspx",
  "http://indonesian.dianetics.org/index.htm",
  "http://www.boonco.com/",
  "http://www.stbrunoparish.com/Feedback.html",
  "http://www.canfabpkg.com/images/can_home_new.swf",
  "http://www.brooklynmachineworks.co.uk/",
  "http://may4archive.org/emerson_today_95.shtml",
  "http://www.chateau-de-jarcieu.com/musee.htm",
  "http://robins-agency.com/teens/teen-orgy.html",
  "http://www.singaporekoiclub.com/event.html",
  "http://www.golfbidder.com/de/help/helpterms.aspx",
  "http://www.fridaynighthistory.com/littleswcdiststandings90_99.html",
  "http://www.norrbottenhockey.com/calendar/calendar.aspx",
  "http://www.agp-video-cards.com/reviews/msi_video_cards/msi_fx5700_ultra-td128/",
  "http://www.sauna-suit.net/10037.html",
  "http://www.downtowndevelopment.com/perspectives/dixarticle081506.pdf",
  "http://lgrossman.com/pics/riocal2008/"
]