{
  "id": "my-id-2",
  "content": "",
  "fullyCanonicalizedContent": "",
  "crawlingTimestamp": "01.01.1970",
  "url": "http://example.com",
  "canonicalUrl": "https://example.com/test-123/"
}