[
  "doc1 \u003c-\u003e doc2:  no candidates",
  "doc1 \u003c-\u003e doc3:  no candidates",
  "doc1 \u003c-\u003e doc4:  no candidates",
  "doc1 \u003c-\u003e doc5:  no candidates",
  "doc1 \u003c-\u003e doc6:  no candidates",
  "doc1 \u003c-\u003e doc7:  no candidates",
  "doc1 \u003c-\u003e doc8:  no candidates",
  "doc2 \u003c-\u003e doc3: are candidates",
  "doc2 \u003c-\u003e doc4:  no candidates",
  "doc2 \u003c-\u003e doc5:  no candidates",
  "doc2 \u003c-\u003e doc6:  no candidates",
  "doc2 \u003c-\u003e doc7:  no candidates",
  "doc2 \u003c-\u003e doc8:  no candidates",
  "doc3 \u003c-\u003e doc4:  no candidates",
  "doc3 \u003c-\u003e doc5:  no candidates",
  "doc3 \u003c-\u003e doc6:  no candidates",
  "doc3 \u003c-\u003e doc7:  no candidates",
  "doc3 \u003c-\u003e doc8:  no candidates",
  "doc4 \u003c-\u003e doc5: are candidates",
  "doc4 \u003c-\u003e doc6:  no candidates",
  "doc4 \u003c-\u003e doc7:  no candidates",
  "doc4 \u003c-\u003e doc8:  no candidates",
  "doc5 \u003c-\u003e doc6:  no candidates",
  "doc5 \u003c-\u003e doc7:  no candidates",
  "doc5 \u003c-\u003e doc8:  no candidates",
  "doc6 \u003c-\u003e doc7: are candidates",
  "doc6 \u003c-\u003e doc8:  no candidates",
  "doc7 \u003c-\u003e doc8:  no candidates"
]