{
  "id": "my-id-2",
  "content": "Computers - 00perdomain.com  Top      Computers     Computer Science 2,156 Hardware 6,562 Internet 30,925 Security 3,199 Software 33,384 Systems 3,554 Chats and Forums 18 Companies 674 Conferences Consultants 1,616 Directories 1 Education 674 Employment 500 Ethics 57 FAQs, Help, and Tutorials 108 History 373 Mailing Lists 7 News and Media 185 Organizations 133 Product Support 156 Shopping 22   Information Technology - Business 1,285 Algorithms 319 Artificial Intelligence 1,456 Artificial Life 267 Bulletin Board Systems 122 CAD and CAM 912 Computer and Technology Law 138 Data Communications 1,211 Data Formats 1,876 Desktop Publishing 122 E-Books 182 Emulators 429 Fonts 305 Games 42,824 Graphics 1,903 Hacking 228 Home Automation 87 Human-Computer Interaction 355 Intranet 52 MIS 627 Mobile Computing 682 Multimedia 3,021 Newsgroups 361 Open Source 705 Operating Systems 6,968 Parallel Computing 447 Performance and Capacity 47 Programming 18,004 Robotics 973 Speech Technology 478 Supercomputing 44 Usenet 361 Virtual Reality 473   E-Mail Password       E X P A N D      m i n i m i z e           Afrikaans 24 Albanian 74 Arabic 609 Armenian 44 Asturian 5 Azerbaijani 38 Bangla Basque 99 Belarusian 6 Bosnian 100 Breton 8 Bulgarian 768 Catalan 627 Chinese Simplified 1,951 Chinese 795 Croatian 459 Czech 1,619 Danish 2,502 Dutch 5,300 Esperanto 148 Estonian 35 Faroese 2 Farsi 254 Finnish 643 French 8,800 Furlan 6 Galician 144 German 18,267 Greek 293 Gujarati 10 Hebrew 716 Hindi 297 Hungarian 443 Icelandic 22 Indonesian 392 Interlingua 8 Irish 9 Italian 2,976 Japanese 3,037 Kannada 6 Kashubian 6 Kazakh 14 Korean 464 Kurdish 72 Latin 3 Latvian 72 Lithuanian 576 Luxembourgish Macedonian 11 Malay 14 Marathi 6 Norwegian 1,105 Occitan 2 Ossetian Polish 2,204 Portuguese 990 Punjabi 4 Romanian 1,796 Romansh 3 Russian 4,737 Sardinian 9 Scots Gaelic 4 Serbian 283 Slovak 618 Slovenian 183 Spanish 3,539 Swahili 1 Swedish 1,545 Tagalog 2 Taiwanese 2 Tamil 15 Tatar 3 Telugu 7 Thai 512 Turkish 3,195 Ukrainian 174 Vietnamese 105 Welsh 9   Home | Contact | Policies  Help build the largest human-edited directory on the web.  Submit a Site - Open Directory Project - Become an Editor Copyright ©1995-2009, zaz Corporation. All rights reserved. Privacy Policy",
  "fullyCanonicalizedContent": "",
  "crawlingTimestamp": "01.01.1970",
  "url": "http://example.com"
}